    + CategoryInfo          : InvalidData: (:) [New-Item], ParameterBindingValidationEx  
   ception
    + FullyQualifiedErrorId : ParameterArgumentValidationErrorEmptyArrayNotAllowed,Micr  
   osoft.PowerShell.Commands.NewItemCommand
PS D:\bash\test_gitbash\test4> New-Item -ItemType file file_1.txt


    Каталог: D:\bash\test_gitbash\test4


Mode                 LastWriteTime         Length Name
----                 -------------         ------ ----
-a----         8/24/2023  12:47 AM              0 file_1.txt

PS D:\bash\test_gitbash\test4> nano file_1txt
nano : Имя "nano" не распознано как имя командлета, функции, файла сценария или 
выполняемой программы. Проверьте правильность написания имени, а также наличие и         
правильность пути, после чего повторите попытку.
строка:1 знак:1
+ nano file_1txt
+ ~~~~
    + CategoryInfo          : ObjectNotFound: (nano:String) [], CommandNotFoundExceptio  
   n
    + FullyQualifiedErrorId : CommandNotFoundException
PS D:\bash\test_gitbash\test4> nano file_1.txt
nano : Имя "nano" не распознано как имя командлета, функции, файла сценария или 
выполняемой программы. Проверьте правильность написания имени, а также наличие и         
правильность пути, после чего повторите попытку.
строка:1 знак:1
+ nano file_1.txt
+ ~~~~
    + CategoryInfo          : ObjectNotFound: (nano:String) [], CommandNotFoundExceptio  
   n
 
PS D:\bash\test_gitbash\test4> vi file_1.txt
vi : Имя "vi" не распознано как имя командлета, функции, файла сценария или выполняемой  
программы. Проверьте правильность написания имени, а также наличие и правильность пути,  
после чего повторите попытку.
строка:1 знак:1
+ vi file_1.txt
+ ~~
    + CategoryInfo          : ObjectNotFound: (vi:String) [], CommandNotFoundException   
PS D:\bash\test_gitbash\test4> cd 1.txt
cd : Не удается найти путь "1.txt", так как он не существует.
строка:1 знак:1
+ cd 1.txt
+ ~~~~~~~~
    + CategoryInfo          : ObjectNotFound: (1.txt:String) [Set-Location], ItemNotFou  
   ndException
    + FullyQualifiedErrorId : PathNotFound,Microsoft.PowerShell.Commands.SetLocationCom  
   mand
 
nano : Имя "nano" не распознано как имя командлета, функции, файла сценария или 
выполняемой программы. Проверьте правильность написания имени, а также наличие и         
правильность пути, после чего повторите попытку.
строка:1 знак:1
+ nano test4
+ ~~~~
    + CategoryInfo          : ObjectNotFound: (nano:String) [], CommandNotFoundExceptio  
   n
    + FullyQualifiedErrorId : CommandNotFoundException
 
PS D:\bash\test_gitbash\test1> nano 1.txt
nano : Имя "nano" не распознано как имя командлета, функции, файла сценария или 
выполняемой программы. Проверьте правильность написания имени, а также наличие и         
правильность пути, после чего повторите попытку.
строка:1 знак:1
+ nano 1.txt
+ ~~~~
    + CategoryInfo          : ObjectNotFound: (nano:String) [], CommandNotFoundExceptio  
   n
    + FullyQualifiedErrorId : CommandNotFoundException
выполняемой программы. Проверьте правильность написания имени, а также наличие и
правильность пути, после чего повторите попытку.
строка:1 знак:1
+ nano nano1.txt
+ ~~~~
    + CategoryInfo          : ObjectNotFound: (nano:String) [], CommandNotFoundExceptio        
   n
    + FullyQualifiedErrorId : CommandNotFoundException

PS D:\bash\test_gitbash> cd test4 
PS D:\bash\test_gitbash\test4> nano 
nano : Имя "nano" не распознано как имя командлета, функции, файла сценария или выполняемой    
программы. Проверьте правильность написания имени, а также наличие и правильность пути, после  
чего повторите попытку.
строка:1 знак:1
+ nano
+ ~~~~
    + CategoryInfo          : ObjectNotFound: (nano:String) [], CommandNotFoundException       
 
PS D:\bash\test_gitbash\test4> nano 1.txt
nano : Имя "nano" не распознано как имя командлета, функции, файла сценария или выполняемой    
чего повторите попытку.
строка:1 знак:1
+ nano 1.txt
+ ~~~~
    + CategoryInfo          : ObjectNotFound: (nano:String) [], CommandNotFoundException       
    + FullyQualifiedErrorId : CommandNotFoundException
 
PS D:\bash\test_gitbash\test4> cat 1.txt
line
line
line
PS D:\bash\test_gitbash\test4> nano 1.txt
nano : Имя "nano" не распознано как имя командлета, функции, файла сценария или выполняемой 
программы. Проверьте правильность написания имени, а также наличие и правильность пути, после  
чего повторите попытку.
строка:1 знак:1
+ nano 1.txt
+ ~~~~
    + CategoryInfo          : ObjectNotFound: (nano:String) [], CommandNotFoundException       
    + FullyQualifiedErrorId : CommandNotFoundException
 
PS D:\bash\test_gitbash\test4>