     


start@DESKTOP-6P55DKL MINGW64 /d/bash/test_gitbash (main)
$ pwd
/d/bash/test_gitbash

start@DESKTOP-6P55DKL MINGW64 /d/bash/test_gitbash (main)
$ mkdir test1

start@DESKTOP-6P55DKL MINGW64 /d/bash/test_gitbash (main)
$ cd test1

start@DESKTOP-6P55DKL MINGW64 /d/bash/test_gitbash/test1 (main)
$ touch file1.txt

start@DESKTOP-6P55DKL MINGW64 /d/bash/test_gitbash/test1 (main)
$ touch file2.txt

start@DESKTOP-6P55DKL MINGW64 /d/bash/test_gitbash/test1 (main)
$ touch file3.txt

start@DESKTOP-6P55DKL MINGW64 /d/bash/test_gitbash/test1 (main)
$ cat test1
cat: test1: No such file or directory

start@DESKTOP-6P55DKL MINGW64 /d/bash/test_gitbash/test1 (main)
$ cd..
bash: cd..: command not found

start@DESKTOP-6P55DKL MINGW64 /d/bash/test_gitbash/test1 (main)
$ cd ..

start@DESKTOP-6P55DKL MINGW64 /d/bash/test_gitbash (main)
$ ls test1
file1.txt  file2.txt  file3.txt

start@DESKTOP-6P55DKL MINGW64 /d/bash/test_gitbash (main)
$ cd ..

start@DESKTOP-6P55DKL MINGW64 /d/bash
$ cd test_gitbash

start@DESKTOP-6P55DKL MINGW64 /d/bash/test_gitbash (main)
$ mkdir test2

start@DESKTOP-6P55DKL MINGW64 /d/bash/test_gitbash (main)
$ rm test2
rm: cannot remove 'test2': Is a directory

start@DESKTOP-6P55DKL MINGW64 /d/bash/test_gitbash (main)
$ rmdir test2

start@DESKTOP-6P55DKL MINGW64 /d/bash/test_gitbash (main)
$ cd test1

start@DESKTOP-6P55DKL MINGW64 /d/bash/test_gitbash/test1 (main)
$ rm file2.txt

start@DESKTOP-6P55DKL MINGW64 /d/bash/test_gitbash/test1 (main)
$ cd ..

start@DESKTOP-6P55DKL MINGW64 /d/bash/test_gitbash (main)
$ mkdir test3

start@DESKTOP-6P55DKL MINGW64 /d/bash/test_gitbash (main)
$ cd test3

start@DESKTOP-6P55DKL MINGW64 /d/bash/test_gitbash/test3 (main)
$ touch file1.txt

start@DESKTOP-6P55DKL MINGW64 /d/bash/test_gitbash/test3 (main)
$ touch file2.txt

start@DESKTOP-6P55DKL MINGW64 /d/bash/test_gitbash/test3 (main)
$ ls
file1.txt  file2.txt

start@DESKTOP-6P55DKL MINGW64 /d/bash/test_gitbash/test3 (main)
$ cd ..

start@DESKTOP-6P55DKL MINGW64 /d/bash/test_gitbash (main)
$ rm dir test3
rm: cannot remove 'dir': No such file or directory
rm: cannot remove 'test3': Is a directory

start@DESKTOP-6P55DKL MINGW64 /d/bash/test_gitbash (main)
$ rmdir test3
rmdir: failed to remove 'test3': Directory not empty

start@DESKTOP-6P55DKL MINGW64 /d/bash/test_gitbash (main)
$ rm test3
rm: cannot remove 'test3': Is a directory

start@DESKTOP-6P55DKL MINGW64 /d/bash/test_gitbash (main)
$ cd test3

start@DESKTOP-6P55DKL MINGW64 /d/bash/test_gitbash/test3 (main)
$ rm file1.txt file2.txt

start@DESKTOP-6P55DKL MINGW64 /d/bash/test_gitbash/test3 (main)
$ cd ..

start@DESKTOP-6P55DKL MINGW64 /d/bash/test_gitbash (main)
$ rmdir test3

start@DESKTOP-6P55DKL MINGW64 /d/bash/test_gitbash (main)
$ mkdir test4

start@DESKTOP-6P55DKL MINGW64 /d/bash/test_gitbash (main)
$ cp test1 test4 
cp: -r not specified; omitting directory 'test1'

start@DESKTOP-6P55DKL MINGW64 /d/bash/test_gitbash (main)
$ cp test1/file1.txt file3.txt test4
cp: cannot stat 'file3.txt': No such file or directory

start@DESKTOP-6P55DKL MINGW64 /d/bash/test_gitbash (main)
$ cp test1/file1.txtfile3.txt test4
cp: cannot stat 'test1/file1.txtfile3.txt': No such file or directory

start@DESKTOP-6P55DKL MINGW64 /d/bash/test_gitbash (main)
$ cp test1/file3.txt test4

start@DESKTOP-6P55DKL MINGW64 /d/bash/test_gitbash (main)
$ cd test4

start@DESKTOP-6P55DKL MINGW64 /d/bash/test_gitbash/test4 (main)
$ echo line1 > file1.txt

start@DESKTOP-6P55DKL MINGW64 /d/bash/test_gitbash/test4 (main)
$ echo line2 >> file1.txt

start@DESKTOP-6P55DKL MINGW64 /d/bash/test_gitbash/test4 (main)
$ echo line3 >>> file1.txt
bash: syntax error near unexpected token `>'

start@DESKTOP-6P55DKL MINGW64 /d/bash/test_gitbash/test4 (main)
$ cat file1.txt
line1
line2

start@DESKTOP-6P55DKL MINGW64 /d/bash/test_gitbash/test4 (main)
$ echo line3 >>> file1.txt
bash: syntax error near unexpected token `>'

start@DESKTOP-6P55DKL MINGW64 /d/bash/test_gitbash/test4 (main)
$ echo -e "line3"
line3

start@DESKTOP-6P55DKL MINGW64 /d/bash/test_gitbash/test4 (main)
$ ls 
file1.txt  file3.txt

start@DESKTOP-6P55DKL MINGW64 /d/bash/test_gitbash/test4 (main)
$ ls file1.txt
file1.txt

start@DESKTOP-6P55DKL MINGW64 /d/bash/test_gitbash/test4 (main)
$ cat file1.txt
line1
line2

start@DESKTOP-6P55DKL MINGW64 /d/bash/test_gitbash/test4 (main)
$ cd file1.txt
bash: cd: file1.txt: Not a directory

start@DESKTOP-6P55DKL MINGW64 /d/bash/test_gitbash/test4 (main)
$ cat file1.txt
line1
line2
line3
start@DESKTOP-6P55DKL MINGW64 /d/bash/test_gitbash/test4 (main)
$ nano file1.txt

start@DESKTOP-6P55DKL MINGW64 /d/bash/test_gitbash/test4 (main)
$ cat file1.txt
step
step
step

start@DESKTOP-6P55DKL MINGW64 /d/bash/test_gitbash/test4 (main)
$
