
start@DESKTOP-6P55DKL MINGW64 /d/bash/test_gitbash/test4 (main)
$ echo line3 >>> file1.txt
bash: syntax error near unexpected token `>'

start@DESKTOP-6P55DKL MINGW64 /d/bash/test_gitbash/test4 (main)
$ cat file1.txt
line1
line2

start@DESKTOP-6P55DKL MINGW64 /d/bash/test_gitbash/test4 (main)
$ echo line3 >>> file1.txt
bash: syntax error near unexpected token `>'

start@DESKTOP-6P55DKL MINGW64 /d/bash/test_gitbash/test4 (main)
$ echo -e "line3"
line3

start@DESKTOP-6P55DKL MINGW64 /d/bash/test_gitbash/test4 (main)
$ ls 
file1.txt  file3.txt

start@DESKTOP-6P55DKL MINGW64 /d/bash/test_gitbash/test4 (main)
$ ls file1.txt
file1.txt

start@DESKTOP-6P55DKL MINGW64 /d/bash/test_gitbash/test4 (main)
$ cat file1.txt
line1
line2

start@DESKTOP-6P55DKL MINGW64 /d/bash/test_gitbash/test4 (main)
$ cd file1.txt
bash: cd: file1.txt: Not a directory

start@DESKTOP-6P55DKL MINGW64 /d/bash/test_gitbash/test4 (main)
$ cat file1.txt
line1
line2
line3
start@DESKTOP-6P55DKL MINGW64 /d/bash/test_gitbash/test4 (main)
$ echo -e "line1 \n\line2 \n\line3" file3.txt
line1 
\line2
\line3 file3.txt

start@DESKTOP-6P55DKL MINGW64 /d/bash/test_gitbash/test4 (main)
$ rm file3.txt

start@DESKTOP-6P55DKL MINGW64 /d/bash/test_gitbash/test4 (main)
$ touch file3.txt

start@DESKTOP-6P55DKL MINGW64 /d/bash/test_gitbash/test4 (main)
$ echo -e "line1 line2 line3" file3.txt
line1 line2 line3 file3.txt

start@DESKTOP-6P55DKL MINGW64 /d/bash/test_gitbash/test4 (main)
$ cat file3.txt

start@DESKTOP-6P55DKL MINGW64 /d/bash/test_gitbash/test4 (main)
$ echo echo -e "line1 \n\line2 \n\line3" >  file3.txt

start@DESKTOP-6P55DKL MINGW64 /d/bash/test_gitbash/test4 (main)
$ echo line1 > file3.txt

start@DESKTOP-6P55DKL MINGW64 /d/bash/test_gitbash/test4 (main)
$ echo line2 > file3.txt

start@DESKTOP-6P55DKL MINGW64 /d/bash/test_gitbash/test4 (main)
$ cat file3.txt
line2

start@DESKTOP-6P55DKL MINGW64 /d/bash/test_gitbash/test4 (main)
$ echo line1 > file3.txt

start@DESKTOP-6P55DKL MINGW64 /d/bash/test_gitbash/test4 (main)
$ echo line2 >> file3.txt

start@DESKTOP-6P55DKL MINGW64 /d/bash/test_gitbash/test4 (main)
$ echo line3 >>> file3.txt
bash: syntax error near unexpected token `>'

start@DESKTOP-6P55DKL MINGW64 /d/bash/test_gitbash/test4 (main)
$ echo line3 < file3.txt
line3

start@DESKTOP-6P55DKL MINGW64 /d/bash/test_gitbash/test4 (main)
$ echo line3 << file3.txt
> 
> 
> 
> cd ..
> 
> 
> 
> >
> echo
> 
> 
> 
> 
> 
> 
> 
> 
> 
> 
> 
> 
> 
 *  History restored 


start@DESKTOP-6P55DKL MINGW64 /d/bash/test_gitbash (main)
$ cd test4

start@DESKTOP-6P55DKL MINGW64 /d/bash/test_gitbash/test4 (main)
$ cat file1.txt file3.txt
line1
line2
line3line1
line2
line3
start@DESKTOP-6P55DKL MINGW64 /d/bash/test_gitbash/test4 (main)
$ nano file1.txt

start@DESKTOP-6P55DKL MINGW64 /d/bash/test_gitbash/test4 (main)
$ cat file1.txt
step
step
step

start@DESKTOP-6P55DKL MINGW64 /d/bash/test_gitbash/test4 (main)
$ git add test1 
fatal: pathspec 'test1' did not match any files

start@DESKTOP-6P55DKL MINGW64 /d/bash/test_gitbash/test4 (main)
$ cd ..

start@DESKTOP-6P55DKL MINGW64 /d/bash/test_gitbash (main)
$ git add test1 

start@DESKTOP-6P55DKL MINGW64 /d/bash/test_gitbash (main)
$ git add test4
warning: in the working copy of 'test4/file1.txt', LF will be replaced by CRLF the next time Git touches it

start@DESKTOP-6P55DKL MINGW64 /d/bash/test_gitbash (main)
$ git status 
On branch main
Your branch is up to date with 'origin/main'.

Changes to be committed:
  (use "git restore --staged <file>..." to unstage)
        new file:   test1/file1.txt
        new file:   test1/file3.txt
        new file:   test4/file1.txt
        new file:   test4/file3.txt

Changes not staged for commit:
  (use "git add <file>..." to update what will be committed)
  (use "git restore <file>..." to discard changes in working directory)
        modified:   README.md


start@DESKTOP-6P55DKL MINGW64 /d/bash/test_gitbash (main)
$ git commit -m "Task 1"
[main c6128bf] Task 1
 4 files changed, 6 insertions(+)
 create mode 100644 test1/file1.txt
 create mode 100644 test1/file3.txt
 create mode 100644 test4/file1.txt
 create mode 100644 test4/file3.txt

start@DESKTOP-6P55DKL MINGW64 /d/bash/test_gitbash (main)
$ git push
info: please complete authentication in your browser...
Enumerating objects: 8, done.
Counting objects: 100% (8/8), done.

start@DESKTOP-6P55DKL MINGW64 /d/bash/test_gitbash (main)
$ pwd
/d/bash/test_gitbash

start@DESKTOP-6P55DKL MINGW64 /d/bash/test_gitbash (main)
$ mkdir test3

start@DESKTOP-6P55DKL MINGW64 /d/bash/test_gitbash (main)
$ touch file4 file5 file6 

start@DESKTOP-6P55DKL MINGW64 /d/bash/test_gitbash (main)
$ cd test4

start@DESKTOP-6P55DKL MINGW64 /d/bash/test_gitbash/test4 (main)
$ touch file4 file5 file6 

start@DESKTOP-6P55DKL MINGW64 /d/bash/test_gitbash/test4 (main)
$ cd test3
bash: cd: test3: No such file or directory

start@DESKTOP-6P55DKL MINGW64 /d/bash/test_gitbash/test4 (main)
$ cd ..

start@DESKTOP-6P55DKL MINGW64 /d/bash/test_gitbash (main)
$ cd test3

start@DESKTOP-6P55DKL MINGW64 /d/bash/test_gitbash/test3 (main)
$ touch file4 file5 file6 

start@DESKTOP-6P55DKL MINGW64 /d/bash/test_gitbash/test3 (main)
$ cd ..

start@DESKTOP-6P55DKL MINGW64 /d/bash/test_gitbash (main)
$ rmdir test3
rmdir: failed to remove 'test3': Directory not empty

start@DESKTOP-6P55DKL MINGW64 /d/bash/test_gitbash (main)
$ cd test3

start@DESKTOP-6P55DKL MINGW64 /d/bash/test_gitbash/test3 (main)
$ rm file4 file5 file6

start@DESKTOP-6P55DKL MINGW64 /d/bash/test_gitbash/test3 (main)
$ touch file4.txt file5.txt file6.txt

start@DESKTOP-6P55DKL MINGW64 /d/bash/test_gitbash/test3 (main)
$ echo row1 > file4.txt file5.txt file6.txt

start@DESKTOP-6P55DKL MINGW64 /d/bash/test_gitbash/test3 (main)
$ cat file4.txt
row1 file5.txt file6.txt

start@DESKTOP-6P55DKL MINGW64 /d/bash/test_gitbash/test3 (main)
$ echo row1 > file4.txt

start@DESKTOP-6P55DKL MINGW64 /d/bash/test_gitbash/test3 (main)
$ echo row2 >> file4.txt

start@DESKTOP-6P55DKL MINGW64 /d/bash/test_gitbash/test3 (main)
$ echo row3 >>> file4.txt
bash: syntax error near unexpected token `>'

start@DESKTOP-6P55DKL MINGW64 /d/bash/test_gitbash/test3 (main)
$ echo row3 > file4.txt

start@DESKTOP-6P55DKL MINGW64 /d/bash/test_gitbash/test3 (main)
$ echo row1 > file4.txt

start@DESKTOP-6P55DKL MINGW64 /d/bash/test_gitbash/test3 (main)
$ echo row2 > file4.txt

start@DESKTOP-6P55DKL MINGW64 /d/bash/test_gitbash/test3 (main)
$ echo row1 > file4.txt

start@DESKTOP-6P55DKL MINGW64 /d/bash/test_gitbash/test3 (main)
$ echo row2 >> file4.txt

start@DESKTOP-6P55DKL MINGW64 /d/bash/test_gitbash/test3 (main)
$ echo -e "row1\row2\row3\row4" > file5.txt

start@DESKTOP-6P55DKL MINGW64 /d/bash/test_gitbash/test3 (main)
$ nano file4.txt

start@DESKTOP-6P55DKL MINGW64 /d/bash/test_gitbash/test3 (main)
$ echo -e "row1\nrow2\nrow3\nrow4" > file4.txt

start@DESKTOP-6P55DKL MINGW64 /d/bash/test_gitbash/test3 (main)
$ echo -e "row1\nrow2\nrow3\nrow4" > file4.txt

start@DESKTOP-6P55DKL MINGW64 /d/bash/test_gitbash/test3 (main)
$ echo -e "row1\nrow2\nrow3\nrow4" > file5.txt

start@DESKTOP-6P55DKL MINGW64 /d/bash/test_gitbash/test3 (main)
$ echo -e "row1\nrow2\nrow3\nrow4" > file6.txt

start@DESKTOP-6P55DKL MINGW64 /d/bash/test_gitbash/test3 (main)
$ grep -i "row2" file5.txt
row2

start@DESKTOP-6P55DKL MINGW64 /d/bash/test_gitbash/test3 (main)
$ grep -i "row" test3
grep: test3: No such file or directory

start@DESKTOP-6P55DKL MINGW64 /d/bash/test_gitbash/test3 (main)
$ grep -R "row*" test3
grep: test3: No such file or directory

start@DESKTOP-6P55DKL MINGW64 /d/bash/test_gitbash/test3 (main)
$ grep -R "row*" .
./file4.txt:row1
./file4.txt:row2
./file4.txt:row3
./file4.txt:row4
./file5.txt:row1
./file5.txt:row2
./file5.txt:row3
./file5.txt:row4
./file6.txt:row1
./file6.txt:row2
./file6.txt:row3
./file6.txt:row4

start@DESKTOP-6P55DKL MINGW64 /d/bash/test_gitbash/test3 (main)
$ wc -l file5.txt
4 file5.txt

start@DESKTOP-6P55DKL MINGW64 /d/bash/test_gitbash/test3 (main)
$ wc -l file6.txt
4 file6.txt

start@DESKTOP-6P55DKL MINGW64 /d/bash/test_gitbash/test3 (main)
$ find . -name "file5.txt"
./file5.txt

start@DESKTOP-6P55DKL MINGW64 /d/bash/test_gitbash/test3 (main)
$ find . -name "file5.txt" -delete

start@DESKTOP-6P55DKL MINGW64 /d/bash/test_gitbash/test3 (main)
$ echo "test" > file4.txt

start@DESKTOP-6P55DKL MINGW64 /d/bash/test_gitbash/test3 (main)
$ echo "fail" > file4.txt

start@DESKTOP-6P55DKL MINGW64 /d/bash/test_gitbash/test3 (main)
$ echo -n "test" >> file4.txt

start@DESKTOP-6P55DKL MINGW64 /d/bash/test_gitbash/test3 (main)
$ echo -n "test" > file4.txt

start@DESKTOP-6P55DKL MINGW64 /d/bash/test_gitbash/test3 (main)
$ echo -n "fail" > file4.txt

start@DESKTOP-6P55DKL MINGW64 /d/bash/test_gitbash/test3 (main)
$ echo -n "test" >> file4.txt

start@DESKTOP-6P55DKL MINGW64 /d/bash/test_gitbash/test3 (main)
$ ps
      PID    PPID    PGID     WINPID   TTY         UID    STIME COMMAND
     2317       1    2317       6480  cons0     197609 13:48:58 /usr/bin/bash
     1915       1    1915       1896  ?         197609 12:17:32 /usr/bin/mintty
     2596    2317    2596      11120  cons0     197609 14:58:34 /usr/bin/ps
     1916    1915    1916       5396  pty0      197609 12:17:32 /usr/bin/bash

start@DESKTOP-6P55DKL MINGW64 /d/bash/test_gitbash/test3 (main)
$ ps aux
      PID    PPID    PGID     WINPID   TTY         UID    STIME COMMAND
     2317       1    2317       6480  cons0     197609 13:48:58 /usr/bin/bash
     1915       1    1915       1896  ?         197609 12:17:32 /usr/bin/mintty
     1916    1915    1916       5396  pty0      197609 12:17:32 /usr/bin/bash
     2601    2317    2601       6696  cons0     197609 14:59:08 /usr/bin/ps

start@DESKTOP-6P55DKL MINGW64 /d/bash/test_gitbash/test3 (main)
$ ps -aux
ps: user x unknown

start@DESKTOP-6P55DKL MINGW64 /d/bash/test_gitbash/test3 (main)
$ ps -A
ps: unknown option -- A
Try `ps --help' for more information.

start@DESKTOP-6P55DKL MINGW64 /d/bash/test_gitbash/test3 (main)
$ ps -e
      PID    PPID    PGID     WINPID   TTY         UID    STIME COMMAND
     2317       1    2317       6480  cons0     197609 13:48:58 /usr/bin/bash
     2616    2317    2616      10728  cons0     197609 15:01:39 /usr/bin/ps
     1915       1    1915       1896  ?         197609 12:17:32 /usr/bin/mintty
     1916    1915    1916       5396  pty0      197609 12:17:32 /usr/bin/bash

start@DESKTOP-6P55DKL MINGW64 /d/bash/test_gitbash/test3 (main)
$ ps T
      PID    PPID    PGID     WINPID   TTY         UID    STIME COMMAND
     2317       1    2317       6480  cons0     197609 13:48:58 /usr/bin/bash
     1915       1    1915       1896  ?         197609 12:17:32 /usr/bin/mintty
     2621    2317    2621       1804  cons0     197609 15:02:02 /usr/bin/ps
     1916    1915    1916       5396  pty0      197609 12:17:32 /usr/bin/bash

start@DESKTOP-6P55DKL MINGW64 /d/bash/test_gitbash/test3 (main)
$ ps aux
      PID    PPID    PGID     WINPID   TTY         UID    STIME COMMAND
     2317       1    2317       6480  cons0     197609 13:48:58 /usr/bin/bash
     2626    2317    2626       4636  cons0     197609 15:03:10 /usr/bin/ps
     1915       1    1915       1896  ?         197609 12:17:32 /usr/bin/mintty
     1916    1915    1916       5396  pty0      197609 12:17:32 /usr/bin/bash

start@DESKTOP-6P55DKL MINGW64 /d/bash/test_gitbash/test3 (main)
$ kill 666
bash: kill: (666) - No such process

start@DESKTOP-6P55DKL MINGW64 /d/bash/test_gitbash/test3 (main)
$ ps -eF
ps: unknown option -- F
Try `ps --help' for more information.

start@DESKTOP-6P55DKL MINGW64 /d/bash/test_gitbash/test3 (main)
$ ps -efH
ps: unknown option -- H
Try `ps --help' for more information.

start@DESKTOP-6P55DKL MINGW64 /d/bash/test_gitbash/test3 (main)
$ tasklist

Имя образа                     PID Имя сессии          № сеанса       Память
========================= ======== ================ =========== ============
System Idle Process              0 Services                   0         8 КБ
System                           4 Services                   0       124 КБ
Registry                       140 Services                   0    81 324 КБ
smss.exe                       448 Services                   0     1 028 КБ
csrss.exe                      736 Services                   0     5 456 КБ
wininit.exe                    864 Services                   0     6 800 КБ
csrss.exe                      872 Console                    1    11 284 КБ
services.exe                   936 Services                   0     9 280 КБ
lsass.exe                      960 Services                   0    22 152 КБ
svchost.exe                    508 Services                   0    32 288 КБ
fontdrvhost.exe                720 Services                   0     2 912 КБ
svchost.exe                   1048 Services                   0    15 308 КБ
svchost.exe                   1108 Services                   0     8 228 КБ
winlogon.exe                  1152 Console                    1    12 092 КБ
fontdrvhost.exe               1212 Console                    1     6 348 КБ
dwm.exe                       1280 Console                    1    89 560 КБ
svchost.exe                   1404 Services                   0     9 848 КБ
svchost.exe                   1428 Services                   0    16 240 КБ
svchost.exe                   1456 Services                   0    11 792 КБ
svchost.exe                   1504 Services                   0    13 000 КБ
svchost.exe                   1520 Services                   0     8 336 КБ
svchost.exe                   1652 Services                   0    15 248 КБ
svchost.exe                   1708 Services                   0    10 992 КБ
svchost.exe                   1864 Services                   0    10 796 КБ
svchost.exe                   1908 Services                   0     6 028 КБ
svchost.exe                   1944 Services                   0     6 688 КБ
svchost.exe                   2024 Services                   0     7 352 КБ
atiesrxx.exe                  1248 Services                   0     6 232 КБ
svchost.exe                   2076 Services                   0    11 448 КБ
svchost.exe                   2112 Services                   0    11 724 КБ
svchost.exe                   2168 Services                   0    14 800 КБ
svchost.exe                   2204 Services                   0     9 840 КБ
svchost.exe                   2232 Services                   0     6 824 КБ
svchost.exe                   2372 Services                   0    14 016 КБ
svchost.exe                   2368 Services                   0     5 912 КБ
svchost.exe                   2384 Services                   0     7 040 КБ
atieclxx.exe                  2392 Console                    1    13 096 КБ
svchost.exe                   2496 Services                   0     7 668 КБ
Memory Compression            2520 Services                   0   493 092 КБ
svchost.exe                   2560 Services                   0     7 888 КБ
svchost.exe                   2568 Services                   0     9 372 КБ
svchost.exe                   2784 Services                   0    14 448 КБ
svchost.exe                   2920 Services                   0     9 516 КБ
svchost.exe                   2928 Services                   0     6 624 КБ
svchost.exe                   2936 Services                   0     8 528 КБ
svchost.exe                   2108 Services                   0     7 368 КБ
svchost.exe                   3084 Services                   0    17 240 КБ
svchost.exe                   3136 Services                   0    12 352 КБ
AsusOptimization.exe          3156 Services                   0     8 444 КБ
spoolsv.exe                   3312 Services                   0    12 812 КБ
svchost.exe                   3396 Services                   0    13 912 КБ
RtkAudUService64.exe          3488 Services                   0     9 572 КБ
svchost.exe                   3496 Services                   0     7 936 КБ
AsusAppService.exe            3752 Services                   0    18 712 КБ
svchost.exe                   3756 Services                   0    14 272 КБ
AsusSoftwareManager.exe       3768 Services                   0    13 064 КБ
AsusLinkRemote.exe            3776 Services                   0     7 872 КБ
svchost.exe                   3788 Services                   0    26 928 КБ
svchost.exe                   3796 Services                   0    39 520 КБ
mDNSResponder.exe             3804 Services                   0     6 336 КБ
AsusSystemAnalysis.exe        3824 Services                   0    12 000 КБ
AsusSystemDiagnosis.exe       3832 Services                   0     8 356 КБ
svchost.exe                   3840 Services                   0    16 956 КБ
AsusLinkNear.exe              3848 Services                   0    10 556 КБ
AsusSwitch.exe                3856 Services                   0     6 756 КБ
ICEsoundService64.exe         3872 Services                   0     6 944 КБ
svchost.exe                   3912 Services                   0     6 356 КБ
RtkAudUService64.exe          3980 Services                   0    10 048 КБ
OfficeClickToRun.exe          3988 Services                   0    39 324 КБ
svchost.exe                   4064 Services                   0     9 304 КБ
svchost.exe                   4072 Services                   0     5 588 КБ
RtkBtManServ.exe              4080 Services                   0     6 488 КБ
svchost.exe                   4092 Services                   0     8 128 КБ
TunnelBear.Maintenance.ex     3308 Services                   0    26 708 КБ
mysqld.exe                    3300 Services                   0     8 260 КБ
svchost.exe                   3416 Services                   0    19 616 КБ
MsMpEng.exe                   3464 Services                   0   266 188 КБ
service_update.exe            4124 Services                   0     7 864 КБ
svchost.exe                   4404 Services                   0    10 076 КБ
svchost.exe                   4460 Services                   0     5 360 КБ
service_update.exe            4536 Services                   0     6 628 КБ
svchost.exe                   4764 Services                   0    12 124 КБ
svchost.exe                   4864 Services                   0     5 992 КБ
mysqld.exe                    4984 Services                   0    62 964 КБ
conhost.exe                   4996 Services                   0     6 768 КБ
svchost.exe                   5636 Services                   0     8 076 КБ
svchost.exe                   6112 Services                   0     9 016 КБ
svchost.exe                   5000 Services                   0     7 864 КБ
svchost.exe                   5456 Services                   0     9 668 КБ
svchost.exe                   5936 Services                   0     6 956 КБ
svchost.exe                   5236 Services                   0     6 768 КБ
WmiPrvSE.exe                  6304 Services                   0     9 168 КБ
svchost.exe                   7104 Services                   0     5 288 КБ
NisSrv.exe                    6252 Services                   0    20 448 КБ
svchost.exe                   6668 Services                   0    21 360 КБ
svchost.exe                   3548 Services                   0    15 864 КБ
dllhost.exe                   4188 Services                   0    10 900 КБ
AsusOptimizationStartupTa     2016 Console                    1    14 016 КБ
sihost.exe                    4656 Console                    1    48 672 КБ
svchost.exe                   6584 Console                    1    32 600 КБ
svchost.exe                   6284 Console                    1    33 472 КБ
taskhostw.exe                 1564 Console                    1    16 784 КБ
svchost.exe                   7260 Services                   0     7 760 КБ
ctfmon.exe                    7388 Console                    1    21 916 КБ
svchost.exe                   7604 Services                   0    16 980 КБ
explorer.exe                  7628 Console                    1   213 764 КБ
svchost.exe                   8096 Console                    1    23 888 КБ
GoogleCrashHandler.exe        7720 Services                   0     1 108 КБ
GoogleCrashHandler64.exe      7892 Services                   0     1 052 КБ
StartMenuExperienceHost.e      708 Console                    1    79 280 КБ
RuntimeBroker.exe             7204 Console                    1    25 672 КБ
SearchApp.exe                 2576 Console                    1   235 716 КБ
SearchIndexer.exe             2996 Services                   0    52 484 КБ
RuntimeBroker.exe             8316 Console                    1    32 004 КБ
RuntimeBroker.exe             3512 Console                    1    17 732 КБ
svchost.exe                   3960 Services                   0    13 448 КБ
PhoneExperienceHost.exe       8632 Console                    1   114 708 КБ
RuntimeBroker.exe             9300 Console                    1    13 132 КБ
browser.exe                   9424 Console                    1   388 492 КБ
svchost.exe                   9432 Services                   0     9 740 КБ
browser.exe                   9504 Console                    1     7 556 КБ
browser.exe                   9660 Console                    1   322 564 КБ
browser.exe                   9672 Console                    1    71 300 КБ
browser.exe                   9772 Console                    1    23 748 КБ
browser.exe                   9860 Console                    1    39 184 КБ
browser.exe                   9876 Console                    1    39 132 КБ
browser.exe                   9884 Console                    1   110 028 КБ
browser.exe                   9940 Console                    1    58 760 КБ
browser.exe                   9040 Console                    1    87 092 КБ
browser.exe                   6740 Console                    1    96 380 КБ
TextInputHost.exe             9360 Console                    1    42 000 КБ
browser.exe                  10424 Console                    1    22 568 КБ
browser.exe                  10816 Console                    1    45 496 КБ
SecurityHealthSystray.exe    10908 Console                    1     8 600 КБ
SecurityHealthService.exe    11008 Services                   0    13 144 КБ
CompPkgSrv.exe               11232 Console                    1     7 924 КБ
RtkAudUService64.exe         11728 Console                    1     2 728 КБ
svchost.exe                  11696 Services                   0    12 176 КБ
AsusOSD.exe                   8040 Console                    1    11 592 КБ
svchost.exe                  10812 Console                    1    19 984 КБ
unsecapp.exe                  7156 Services                   0     8 096 КБ
AsusSoftwareManagerAgent.    12160 Console                    1    39 036 КБ
SgrmBroker.exe               12216 Services                   0     7 296 КБ
svchost.exe                   2424 Services                   0    14 972 КБ
svchost.exe                   6988 Services                   0    10 012 КБ
browser.exe                   7028 Console                    1    27 604 КБ
browser.exe                   9132 Console                    1   762 828 КБ
svchost.exe                   9688 Services                   0    10 740 КБ
UserOOBEBroker.exe            3924 Console                    1     9 776 КБ
ShellExperienceHost.exe       2364 Console                    1    45 600 КБ
RuntimeBroker.exe             6364 Console                    1    16 668 КБ
browser.exe                   6068 Console                    1   157 064 КБ
browser.exe                   9324 Console                    1   150 532 КБ
browser.exe                  10216 Console                    1    39 960 КБ
SystemSettings.exe            5948 Console                    1     1 432 КБ
ApplicationFrameHost.exe      7820 Console                    1    28 392 КБ
audiodg.exe                   9384 Services                   0    21 440 КБ
PhotoScreen.exe              10668 Console                    1    61 152 КБ
Discord.exe                   5108 Console                    1    71 844 КБ
Discord.exe                  10724 Console                    1    26 272 КБ
Discord.exe                  11236 Console                    1    77 684 КБ
Discord.exe                  12116 Console                    1    41 804 КБ
Discord.exe                   4148 Console                    1   153 116 КБ
Discord.exe                   3432 Console                    1    62 560 КБ
browser.exe                   1416 Console                    1    89 040 КБ
browser.exe                   2904 Console                    1   256 360 КБ
browser.exe                   8484 Console                    1   156 636 КБ
SearchApp.exe                11756 Console                    1    73 928 КБ
msedgewebview2.exe            5564 Console                    1    95 732 КБ
msedgewebview2.exe            7984 Console                    1     7 820 КБ
msedgewebview2.exe            8784 Console                    1    80 940 КБ
msedgewebview2.exe            7480 Console                    1    33 440 КБ
msedgewebview2.exe           11320 Console                    1    17 492 КБ
browser.exe                  10720 Console                    1   135 452 КБ
browser.exe                   6196 Console                    1   137 136 КБ
browser.exe                   6244 Console                    1   101 680 КБ
browser.exe                   2280 Console                    1    40 072 КБ
dllhost.exe                   3504 Console                    1    13 468 КБ
git-bash.exe                  5656 Console                    1     5 012 КБ
mintty.exe                    1896 Console                    1    17 864 КБ
conhost.exe                   9112 Console                    1     7 400 КБ
bash.exe                      5396 Console                    1     7 544 КБ
SearchApp.exe                 2032 Console                    1   105 356 КБ
browser.exe                  12560 Console                    1   107 280 КБ
browser.exe                   2868 Console                    1   149 496 КБ
browser.exe                   1800 Console                    1    39 784 КБ
browser.exe                   8628 Console                    1   132 928 КБ
browser.exe                  10440 Console                    1   102 788 КБ
Code.exe                      1624 Console                    1    88 376 КБ
Code.exe                     13300 Console                    1    26 616 КБ
Code.exe                     11528 Console                    1   168 268 КБ
Code.exe                     11592 Console                    1    41 724 КБ
Code.exe                     12824 Console                    1   154 700 КБ
Code.exe                      4172 Console                    1    79 752 КБ
Code.exe                      3896 Console                    1    88 008 КБ
Code.exe                     11972 Console                    1    76 040 КБ
Code.exe                      2228 Console                    1    73 456 КБ
conhost.exe                   4480 Console                    1     5 936 КБ
powershell.exe               12320 Console                    1    48 400 КБ
conhost.exe                   8000 Console                    1     6 432 КБ
bash.exe                      3176 Console                    1     4 768 КБ
bash.exe                      6480 Console                    1    10 892 КБ
msedgewebview2.exe            6240 Console                    1    69 120 КБ
browser.exe                  13056 Console                    1   152 688 КБ
SDXHelper.exe                11596 Console                    1    19 096 КБ
browser.exe                   2908 Console                    1    98 660 КБ
browser.exe                   4948 Console                    1    85 732 КБ
Video.UI.exe                 13400 Console                    1     2 356 КБ
RuntimeBroker.exe            13592 Console                    1     8 832 КБ
svchost.exe                  14060 Services                   0    18 140 КБ
browser.exe                   8952 Console                    1   157 172 КБ
browser.exe                   6600 Console                    1   120 632 КБ
browser.exe                  11344 Console                    1    92 012 КБ
browser.exe                  13204 Console                    1    49 000 КБ
browser.exe                  10992 Console                    1    89 368 КБ
browser.exe                   1660 Console                    1   122 340 КБ
SearchProtocolHost.exe        1924 Console                    1     8 708 КБ
browser.exe                  13940 Console                    1    51 544 КБ
browser.exe                  13512 Console                    1   140 512 КБ
SearchFilterHost.exe          1928 Services                   0     7 668 КБ
browser.exe                   2352 Console                    1   142 812 КБ
browser.exe                   6840 Console                    1    31 880 КБ
browser.exe                  14024 Console                    1    18 628 КБ
bash.exe                     13468 Console                    1     8 884 КБ
tasklist.exe                  4720 Console                    1     9 376 КБ
WmiPrvSE.exe                  5812 Services                   0     9 928 КБ

start@DESKTOP-6P55DKL MINGW64 /d/bash/test_gitbash/test3 (main)
$ taskkill 666
Ошибка: Неправильный параметр или аргумент - '666'.
Введите "TASKKILL /?" для получения справки по использованию.

start@DESKTOP-6P55DKL MINGW64 /d/bash/test_gitbash/test3 (main)
$ taskkill /pid 666
Ошибка: Неправильный параметр или аргумент - 'D:/Git/pid'.
Введите "TASKKILL /?" для получения справки по использованию.

start@DESKTOP-6P55DKL MINGW64 /d/bash/test_gitbash/test3 (main)
$ TASKKILL /?

TASKKILL [/S <система> [/U <пользователь> [/P [<пароль>]]]]
         { [/FI <фильтр>] [/PID <процесс> | /IM <образ>] } [/T] [/F]

Описание:
    Завершает процесс по его ID (PID) или имени образа.

Список параметров:
   /S   <система>                 Подключаемый удаленный компьютер.

   /U   [<домен>\]<пользователь>  Пользовательский контекст, в котором
                                  должна выполняться эта команда.

   /P   <пароль>                  Пароль для этого пользовательского контекста.
                                  Запрашивает пароль, если он не задан.

    /FI    <фильтр>               Применение фильтра для выбора набора задач.
                                  Разрешение использовать "*". Пример,
                                  imagename eq acme*

    /PID <процесс>                Идентификатор процесса, который требуется
                                  завершить.
                                  Используйте TaskList, чтобы получить PID.

   /IM  <образ>                   Имя образа процесса, который требуется
                                  завершить. Знак подстановки "*" может быть
                                  использован для указания всех заданий или
                                  имен образов.

    /T                            Завершение указанного процесса
                                  и всех его дочерних процессов.

    /F                            Принудительное завершение процесса.

   /?                             Вывод справки по использованию.

Фильтры:
    Имя фильтра   Допустимые операторы           Допустимые значения
    -----------   ---------------           -------------------------
    STATUS        eq, ne                    RUNNING |
                                            NOT RESPONDING | UNKNOWN
    IMAGENAME     eq, ne                    Имя образа
    PID           eq, ne, gt, lt, ge, le    Значение PID
    SESSION       eq, ne, gt, lt, ge, le    Номер сессии
    CPUTIME       eq, ne, gt, lt, ge, le    Время ЦП в формате
                                            чч:мм:сс.
                                            чч - часы,
                                            мм - минуты, сс - секунды
    MEMUSAGE      eq, ne, gt, lt, ge, le    Использование памяти в КБ
    USERNAME      eq, ne                    Имя пользователя в формате
                                            [<домен>\]<пользователь>
    MODULES       eq, ne                    Имя DLL
    SERVICES      eq, ne                    Имя службы
    WINDOWTITLE   eq, ne                    Заголовок окна

    Примечание
    ----
    1) Символ '*' для параметра /IM применим только совместно с фильтрами.
    2) Завершение удаленных процессов всегда будет принудительным (/F).
    3) Фильтры "WINDOWTITLE" и "STATUS" не принимаются во внимание, когда
       компьютер является удаленным.

Примеры:
  TASKKILL /IM notepad.exe
  TASKKILL /PID 1230 /PID 1241 /PID 1253 /T
  TASKKILL /F /IM cmd.exe /T 
  TASKKILL /F /FI "PID ge 1000" /FI "WINDOWTITLE ne untitle*"
  TASKKILL /F /FI "USERNAME eq NT AUTHORITY\SYSTEM" /IM notepad.exe
  TASKKILL /S <система> /U <домен>\<пользователь> /FI "USERNAME ne NT*" /IM *
  TASKKILL /S <система> /U <пользователь> /P <пароль> /FI "IMAGENAME eq note*"

start@DESKTOP-6P55DKL MINGW64 /d/bash/test_gitbash/test3 (main)
$ taskkill /666
Ошибка: Неправильный параметр или аргумент - 'D:/Git/666'.
Введите "TASKKILL /?" для получения справки по использованию.

start@DESKTOP-6P55DKL MINGW64 /d/bash/test_gitbash/test3 (main)
$ taskkill /PID 666
Ошибка: Неправильный параметр или аргумент - 'D:/Git/PID'.
Введите "TASKKILL /?" для получения справки по использованию.

start@DESKTOP-6P55DKL MINGW64 /d/bash/test_gitbash/test3 (main)
$ kill 666
bash: kill: (666) - No such process

start@DESKTOP-6P55DKL MINGW64 /d/bash/test_gitbash/test3 (main)
$ ping artsiomrusau.com

Обмен пакетами с artsiomrusau.com [185.215.4.92] с 32 байтами данных:
Превышен интервал ожидания для запроса.
Превышен интервал ожидания для запроса.
Превышен интервал ожидания для запроса.
Превышен интервал ожидания для запроса.

Статистика Ping для 185.215.4.92:
    Пакетов: отправлено = 4, получено = 0, потеряно = 4
    (100% потерь)

start@DESKTOP-6P55DKL MINGW64 /d/bash/test_gitbash/test3 (main)
$ ping -c 5 artsiomrusau.com
Доступ запрещен. Для параметра -c требуются права администратора.

start@DESKTOP-6P55DKL MINGW64 /d/bash/test_gitbash/test3 (main)
$
start@DESKTOP-6P55DKL MINGW64 /d/bash/test_gitbash (main)
$ ping -t artsiomrusau.com

Обмен пакетами с artsiomrusau.com [185.215.4.92] с 32 байтами данных:
Превышен интервал ожидания для запроса.
Превышен интервал ожидания для запроса.
Превышен интервал ожидания для запроса.
Превышен интервал ожидания для запроса.
Превышен интервал ожидания для запроса.

Статистика Ping для 185.215.4.92:
    Пакетов: отправлено = 5, получено = 0, потеряно = 5
    (100% потерь)
Control-C


start@DESKTOP-6P55DKL MINGW64 /d/bash/test_gitbash (main)
$start@DESKTOP-6P55DKL MINGW64 /d/bash/test_gitbash (main)
start@DESKTOP-6P55DKL MINGW64 /d/bash/test_gitbash (main)
$ curl -X GET https://petstore.swagger.io/v2/pet/findByStatus?status=available
[{"id":9223372036854775075,"category":{"id":0,"name":"string"},"name":"fish","photoUrls":["string"],"tags":[{"id":0,"name":"string"}],"status":"available"},{"id":9223372036854775076,"category":{"id":0,"name":"string"},"name":"fish","photoUrls":["string"],"tags":[{"id":0,"name":"string"}],"status":"available"},{"id":9223372036854775077,"category":{"id":0,"name":"string"},"name":"Puff","photoUrls":["string"],"tags":[{"id":0,"name":"string"}],"status":"available"},{"id":9223372036854775081,"category":{"id":0,"name":"string"},"name":"doggie","photoUrls":["string"],"tags":[{"id":0,"name":"string"}],"status":"available"},{"id":9223372036854775082,"category":{"id":0,"name":"string"},"name":"doggie","photoUrls":["string"],"tags":[{"id":0,"name":"string"}],"status":"available"},{"id":9223372036854775087,"category":{"id":0,"name":"string"},"name":"doggie","photoUrls":["string"],"tags":[{"id":0,"name":"string"}],"status":"available"},{"id":9223372036854775088,"category":{"id":0,"name":"string"},"name":"doggie","photoUrls":["string"],"tags":[{"id":0,"name":"string"}],"status":"available"},{"id":9223372036854775102,"category":{"id":0,"name":"string"},"name":"fish","photoUrls":["string"],"tags":[{"id":0,"name":"string"}],"status":"available"},{"id":9223372036854775103,"category":{"id":0,"name":"string"},"name":"doggie","photoUrls":["string"],"tags":[{"id":0,"name":"string"}],"status":"available"},{"id":9223372036854775104,"category":{"id":0,"name":"string"},"name":"fish","photoUrls":["string"],"tags":[{"id":0,"name":"string"}],"status":"available"},{"id":9223372036854775105,"category":{"id":0,"name":"string"},"name":"fish","photoUrls":["string"],"tags":[{"id":0,"name":"string"}],"status":"available"},{"id":9223372036854775109,"category":{"id":0,"name":"string"},"name":"fish","photoUrls":["string"],"tags":[{"id":0,"name":"string"}],"status":"available"},{"id":9223372036854775115,"category":{"id":0,"name":"string"},"name":"Miss Nora Kertzmann","photoUrls":["string"],"tags":[{"id":0,"name":"string"}],"status":"available"},{"id":9223372036854775121,"category":{"id":0,"name":"string"},"name":"Carlos Reynolds","photoUrls":["string"],"tags":[{"id":0,"name":"string"}],"status":"available"},{"id":9223372036854775132,"category":{"id":0,"name":"string"},"name":"Joshua Skiles DDS","photoUrls":["string"],"tags":[{"id":0,"name":"string"}],"status":"available"},{"id":9223372036854775171,"category":{"id":0,"name":"string"},"name":"doggie","photoUrls":["string"],"tags":[{"id":0,"name":"string"}],"status":"available"},{"id":9223372036854775172,"category":{"id":0,"name":"string"},"name":"fish","photoUrls":["string"],"tags":[{"id":0,"name":"string"}],"status":"available"},{"id":9223372036854775173,"category":{"id":0,"name":"string"},"name":"doggie","photoUrls":["string"],"tags":[{"id":0,"name":"string"}],"status":"available"},{"id":9223372036854775174,"category":{"id":0,"name":"string"},"name":"fish","photoUrls":["string"],"tags":[{"id":0,"name":"string"}],"status":"available"},{"id":9223372036854775175,"category":{"id":0,"name":"string"},"name":"Puff","photoUrls":["string"],"tags":[{"id":0,"name":"string"}],"status":"available"},{"id":9223372036854775180,"category":{"id":0,"name":"string"},"name":"doggie","photoUrls":["string"],"tags":[{"id":0,"name":"string"}],"status":"available"},{"id":9223372036854775181,"category":{"id":0,"name":"string"},"name":"Rex Gutmann","photoUrls":["string"],"tags":[{"id":0,"name":"string"}],"status":"available"},{"id":9223372036854775182,"category":{"id":0,"name":"string"},"name":"doggie","photoUrls":["string"],"tags":[{"id":0,"name":"string"}],"status":"available"},{"id":9223372036854775187,"category":{"id":0,"name":"string"},"name":"fish","photoUrls":["string"],"tags":[{"id":0,"name":"string"}],"status":"available"},{"id":9223372036854775192,"category":{"id":0,"name":"string"},"name":"doggie","photoUrls":["string"],"tags":[{"id":0,"name":"string"}],"status":"available"},{"id":9223372036854775193,"category":{"id":0,"name":"string"},"name":"doggie","photoUrls":["string"],"tags":[{"id":0,"name":"string"}],"status":"available"},{"id":9223372036854775195,"category":{"id":0,"name":"string"},"name":"fish","photoUrls":["string"],"tags":[{"id":0,"name":"string"}],"status":"available"},{"id":9223372036854775211,"category":{"id":0,"name":"string"},"name":"doggie","photoUrls":["string"],"tags":[{"id":0,"name":"string"}],"status":"available"},{"id":9223372036854775214,"category":{"id":0,"name":"string"},"name":"doggie","photoUrls":["string"],"tags":[{"id":0,"name":"string"}],"status":"available"},{"id":9223372036854775221,"category":{"id":0,"name":"string"},"name":"fish","photoUrls":["string"],"tags":[{"id":0,"name":"string"}],"status":"available"},{"id":9223372036854775236,"category":{"id":0,"name":"string"},"name":"fish","photoUrls":["string"],"tags":[{"id":0,"name":"string"}],"status":"available"},{"id":9223372036854775237,"category":{"id":0,"name":"string"},"name":"fish","photoUrls":["string"],"tags":[{"id":0,"name":"string"}],"status":"available"},{"id":9223372036854775238,"category":{"id":0,"name":"string"},"name":"Puff","photoUrls":["string"],"tags":[{"id":0,"name":"string"}],"status":"available"},{"id":9223372036854775241,"category":{"id":0,"name":"string"},"name":"doggie","photoUrls":["string"],"tags":[{"id":0,"name":"string"}],"status":"available"},{"id":9223372036854775242,"category":{"id":0,"name":"string"},"name":"doggie","photoUrls":["string"],"tags":[{"id":0,"name":"string"}],"status":"available"},{"id":9223372036854775243,"category":{"id":0,"name":"string"},"name":"doggie","photoUrls":["string"],"tags":[{"id":0,"name":"string"}],"status":"available"},{"id":9223372036854775244,"category":{"id":0,"name":"string"},"name":"doggie","photoUrls":["string"],"tags":[{"id":0,"name":"string"}],"status":"available"},{"id":9223372036854775249,"category":{"id":0,"name":"string"},"name":"doggie","photoUrls":["string"],"tags":[{"id":0,"name":"string"}],"status":"available"},{"id":9223372036854775250,"category":{"id":0,"name":"string"},"name":"fish","photoUrls":["string"],"tags":[{"id":0,"name":"string"}],"status":"available"},{"id":9223372036854775251,"category":{"id":0,"name":"string"},"name":"fish","photoUrls":["string"],"tags":[{"id":0,"name":"string"}],"status":"available"},{"id":9223372036854775252,"category":{"id":0,"name":"string"},"name":"fish","photoUrls":["string"],"tags":[{"id":0,"name":"string"}],"status":"available"},{"id":9223372036854775253,"category":{"id":0,"name":"string"},"name":"fish","photoUrls":["string"],"tags":[{"id":0,"name":"string"}],"status":"available"},{"id":9223372036854775268,"category":{"id":1,"name":"string"},"name":"doggie","photoUrls":["string"],"tags":[{"id":0,"name":"S"}],"status":"available"},{"id":9223372036854775278,"name":"siyaan","photoUrls":[],"tags":[],"status":"available"},{"id":15555,"category":{"id":0,"name":"puppy"},"name":"doggie","photoUrls":["string"],"tags":[{"id":0,"name":"Charlie"}],"status":"available"},{"id":616,"category":{"id":13,"name":"small dog"},"name":"Лакки","photoUrls":["string"],"tags":[{"id":55,"name":"Маленькая, красивая собачка"}],"status":"available"},{"id":9223372036854775295,"category":{"id":0,"name":"string"},"name":"fish","photoUrls":["string"],"tags":[{"id":0,"name":"string"}],"status":"available"},{"id":9223372036854775296,"category":{"id":0,"name":"string"},"name":"doggie","photoUrls":["string"],"tags":[{"id":0,"name":"string"}],"status":"available"},{"id":902,"category":{"id":13,"name":"small dog"},"name":"Лакки","photoUrls":["string"],"tags":[{"id":55,"name":"Маленькая, красивая собачка"}],"status":"available"},{"id":9223372036854775299,"category":{"id":0,"name":"string"},"name":"fish","photoUrls":["string"],"tags":[{"id":0,"name":"string"}],"status":"available"},{"id":9223372036854775300,"category":{"id":0,"name":"string"},"name":"Puff","photoUrls":["string"],"tags":[{"id":0,"name":"string"}],"status":"available"},{"id":450,"category":{"id":13,"name":"small dog"},"name":"Лакки","photoUrls":["string"],"tags":[{"id":55,"name":"Маленькая, красивая собачка"}],"status":"available"},{"id":9223372036854775303,"category":{"id":0,"name":"string"},"name":"doggie","photoUrls":["string"],"tags":[{"id":0,"name":"string"}],"status":"available"},{"id":9223372036854775305,"category":{"id":0,"name":"string"},"name":"doggie","photoUrls":["string"],"tags":[{"id":0,"name":"string"}],"status":"available"},{"id":9223372036854775307,"category":{"id":0,"name":"string"},"name":"fish","photoUrls":["string"],"tags":[{"id":0,"name":"string"}],"status":"available"},{"id":9223372036854775312,"category":{"id":0,"name":"string"},"name":"doggie","photoUrls":["string"],"tags":[{"id":0,"name":"string"}],"status":"available"},{"id":9223372036854775313,"category":{"id":0,"name":"string"},"name":"doggie","photoUrls":["string"],"tags":[{"id":0,"name":"string"}],"status":"available"},{"id":9223372036854775319,"category":{"id":0,"name":"string"},"name":"doggie","photoUrls":["string"],"tags":[{"id":111,"name":"Sim"}],"status":"available"},{"id":9223372036854775320,"name":"doggie","photoUrls":["string"],"tags":[],"status":"available"},{"id":6,"category":{"id":1,"name":"Pastor"},"name":"Bobi","photoUrls":["Blanco"],"tags":[{"id":0,"name":"bueno"}],"status":"available"},{"id":9223372036854775321,"name":"doggie","photoUrls":["string"],"tags":[],"status":"available"},{"id":9223372036854775325,"category":{"id":0,"name":"string"},"name":"doggie","photoUrls":["string"],"tags":[{"id":111,"name":"Sim"}],"status":"available"},{"id":911,"category":{"id":13,"name":"small dog"},"name":"Лакки","photoUrls":["string"],"tags":[{"id":55,"name":"Маленькая, красивая собачка"}],"status":"available"},{"id":9223372036854775338,"category":{"id":0,"name":"string"},"name":"fish","photoUrls":["string"],"tags":[{"id":0,"name":"string"}],"status":"available"},{"id":9223372036854775342,"name":"doggie","photoUrls":["string"],"tags":[],"status":"available"},{"id":556,"category":{"id":13,"name":"small dog"},"name":"Лакки","photoUrls":["string"],"tags":[{"id":55,"name":"Маленькая, 
красивая собачка"}],"status":"available"},{"id":9223372036854775343,"name":"doggie","photoUrls":["string"],"tags":[],"status":"available"},{"id":922,"category":{"id":13,"name":"small dog"},"name":"Лакки","photoUrls":["string"],"tags":[{"id":55,"name":"Маленькая, красивая собачка"}],"status":"available"},{"id":9223372036854775349,"category":{"id":0,"name":"string"},"name":"fish","photoUrls":["string"],"tags":[{"id":0,"name":"string"}],"status":"available"},{"id":9223372036854775350,"category":{"id":0,"name":"string"},"name":"fish","photoUrls":["string"],"tags":[{"id":0,"name":"string"}],"status":"available"},{"id":1982828292,"category":{"id":0,"name":"dog"},"name":"hunter","photoUrls":["string"],"tags":[{"id":0,"name":"string"}],"status":"available"},{"id":267,"category":{"id":13,"name":"small dog"},"name":"Лакки","photoUrls":["string"],"tags":[{"id":55,"name":"Маленькая, красивая собачка"}],"status":"available"},{"id":9223372036854775351,"category":{"id":0,"name":"string"},"name":"Puff","photoUrls":["string"],"tags":[{"id":0,"name":"string"}],"status":"available"},{"id":9223372036854775364,"category":{"id":0,"name":"string"},"name":"doggie","photoUrls":["string"],"tags":[{"id":0,"name":"string"}],"status":"available"},{"id":9223372036854775365,"category":{"id":0,"name":"string"},"name":"doggie","photoUrls":["string"],"tags":[{"id":0,"name":"string"}],"status":"available"},{"id":9223372036854775374,"category":{"id":0,"name":"string"},"name":"doggie","photoUrls":["string"],"tags":[{"id":0,"name":"string"}],"status":"available"},{"id":9223372036854775375,"category":{"id":0,"name":"string"},"name":"doggie","photoUrls":["string"],"tags":[{"id":0,"name":"string"}],"status":"available"},{"id":9223372036854775378,"category":{"id":0,"name":"string"},"name":"doggie","photoUrls":["string"],"tags":[{"id":0,"name":"string"}],"status":"available"},{"id":935,"category":{"id":13,"name":"small dog"},"name":"Лакки","photoUrls":["string"],"tags":[{"id":55,"name":"Маленькая, красивая собачка"}],"status":"available"},{"id":9223372036854775381,"category":{"id":0,"name":"string"},"name":"fish","photoUrls":["string"],"tags":[{"id":0,"name":"string"}],"status":"available"},{"id":9223372036854775382,"category":{"id":0,"name":"string"},"name":"doggie","photoUrls":["string"],"tags":[{"id":0,"name":"string"}],"status":"available"},{"id":9223372036854775383,"category":{"id":0,"name":"string"},"name":"fish","photoUrls":["string"],"tags":[{"id":0,"name":"string"}],"status":"available"},{"id":9223372036854775384,"category":{"id":0,"name":"string"},"name":"fish","photoUrls":["string"],"tags":[{"id":0,"name":"string"}],"status":"available"},{"id":9223372036854775385,"category":{"id":0,"name":"string"},"name":"fish","photoUrls":["string"],"tags":[{"id":0,"name":"string"}],"status":"available"},{"id":133,"category":{"id":13,"name":"small dog"},"name":"Лакки","photoUrls":["string"],"tags":[{"id":55,"name":"Маленькая, красивая собачка"}],"status":"available"},{"id":493,"category":{"id":13,"name":"small dog"},"name":"Лакки","photoUrls":["string"],"tags":[{"id":55,"name":"Маленькая, красивая 
собачка"}],"status":"available"},{"id":298,"category":{"id":13,"name":"small dog"},"name":"Лакки","photoUrls":["string"],"tags":[{"id":55,"name":"Маленькая, красивая собачка"}],"status":"available"},{"id":539,"category":{"id":13,"name":"small dog"},"name":"Лакки","photoUrls":["string"],"tags":[{"id":55,"name":"Маленькая, красивая собачка"}],"status":"available"},{"id":9223372036854775410,"category":{"id":0,"name":"string"},"name":"fish","photoUrls":["string"],"tags":[{"id":0,"name":"string"}],"status":"available"},{"id":8979789078978911,"category":{"id":111,"name":"akita dog"},"name":"doggie","photoUrls":["photo URL"],"tags":[],"status":"available"},{"id":9223372036854775411,"category":{"id":0,"name":"string"},"name":"doggie","photoUrls":["string"],"tags":[{"id":0,"name":"string"}],"status":"available"},{"id":9223372036854775414,"category":{"id":0,"name":"string"},"name":"Puff","photoUrls":["string"],"tags":[{"id":0,"name":"string"}],"status":"available"},{"id":9223372036854775415,"category":{"id":0,"name":"string"},"name":"fish","photoUrls":["string"],"tags":[{"id":0,"name":"string"}],"status":"available"},{"id":9223372036854775416,"category":{"id":0,"name":"pets"},"name":"doggie","photoUrls":["string"],"tags":[{"id":0,"name":"string"}],"status":"available"},{"id":9223372036854244029,"category":{"id":0,"name":"Husham"},"name":"doggie","photoUrls":["string"],"tags":[{"id":0,"name":"string"}],"status":"available"},{"id":9223372036854775421,"category":{"id":0,"name":"string"},"name":"Dragon","photoUrls":["string"],"tags":[{"id":0,"name":"string"}],"status":"available"},{"id":9223372036854775427,"category":{"id":0,"name":"string"},"name":"Dragon","photoUrls":["string"],"tags":[{"id":0,"name":"string"}],"status":"available"},{"id":9223372036854775429,"category":{"id":0,"name":"string"},"name":"fish","photoUrls":["string"],"tags":[{"id":0,"name":"string"}],"status":"available"},{"id":9223372036854775430,"category":{"id":0,"name":"string"},"name":"doggie","photoUrls":["string"],"tags":[{"id":0,"name":"string"}],"status":"available"},{"id":9223372036854775431,"category":{"id":0,"name":"string"},"name":"doggie","photoUrls":["string"],"tags":[{"id":0,"name":"string"}],"status":"available"},{"id":9223372036854775434,"category":{"id":0,"name":"string"},"name":"Dragon","photoUrls":["string"],"tags":[{"id":0,"name":"string"}],"status":"available"},{"id":9223372036854775437,"category":{"id":0,"name":"string"},"name":"doggie","photoUrls":["string"],"tags":[{"id":0,"name":"string"}],"status":"available"},{"id":9223372036854775438,"category":{"id":0,"name":"string"},"name":"doggie","photoUrls":["string"],"tags":[{"id":0,"name":"string"}],"status":"available"},{"id":9223372036854775439,"category":{"id":0,"name":"string"},"name":"Dragon","photoUrls":["string"],"tags":[{"id":0,"name":"string"}],"status":"available"},{"id":9223372036854775440,"category":{"id":0,"name":"string"},"name":"Dragon","photoUrls":["string"],"tags":[{"id":0,"name":"string"}],"status":"available"},{"id":9223372036854775443,"category":{"id":0,"name":"string"},"name":"Dragon","photoUrls":["string"],"tags":[{"id":0,"name":"string"}],"status":"available"},{"id":9223372036854775444,"category":{"id":-3647201,"name":"aliqua dolore"},"name":"doggie","photoUrls":["commodo id Lorem dolor","laborum anim non sunt"],"tags":[{"id":-70487179,"name":"magna non"},{"id":-97224183,"name":"aliquip enim"}],"status":"available"},{"id":9223372036854775445,"category":{"id":-22028245,"name":"ad labore sunt"},"name":"doggie","photoUrls":["commodo aute veniam","tempor"],"tags":[{"id":47985645,"name":"quis consequat exercitation"},{"id":84422713,"name":"fugiat id"}],"status":"available"},{"id":9223372036854775446,"category":{"id":0,"name":"string"},"name":"fish","photoUrls":["string"],"tags":[{"id":0,"name":"string"}],"status":"available"},{"id":9223372036854775447,"category":{"id":0,"name":"string"},"name":"Dragon","photoUrls":["string"],"tags":[{"id":0,"name":"string"}],"status":"available"},{"id":9223372036854775451,"category":{"id":0,"name":"string"},"name":"Dragon","photoUrls":["string"],"tags":[{"id":0,"name":"string"}],"status":"available"},{"id":9223372036854775452,"category":{"id":0,"name":"string"},"name":"Dragon","photoUrls":["string"],"tags":[{"id":0,"name":"string"}],"status":"available"},{"id":9223372036854775453,"category":{"id":0,"name":"string"},"name":"Dragon","photoUrls":["string"],"tags":[{"id":0,"name":"string"}],"status":"available"},{"id":9223372036854775454,"category":{"id":0,"name":"string"},"name":"Dragon","photoUrls":["string"],"tags":[{"id":0,"name":"string"}],"status":"available"},{"id":639,"category":{"id":13,"name":"small dog"},"name":"Лакки","photoUrls":["string"],"tags":[{"id":55,"name":"Маленькая, красивая собачка"}],"status":"available"},{"id":9223372036854775458,"category":{"id":0,"name":"string"},"name":"Dragon","photoUrls":["string"],"tags":[{"id":0,"name":"string"}],"status":"available"},{"id":9223372036854775459,"category":{"id":0,"name":"string"},"name":"Dragon","photoUrls":["string"],"tags":[{"id":0,"name":"string"}],"status":"available"},{"id":496,"category":{"id":13,"name":"small dog"},"name":"Лакки","photoUrls":["string"],"tags":[{"id":55,"name":"Маленькая, красивая собачка"}],"status":"available"},{"id":9223372036854775461,"category":{"id":0,"name":"string"},"name":"Dragon","photoUrls":["string"],"tags":[{"id":0,"name":"string"}],"status":"available"},{"id":9223372036854775462,"category":{"id":0,"name":"string"},"name":"Dragon","photoUrls":["string"],"tags":[{"id":0,"name":"string"}],"status":"available"},{"id":9223372036854775474,"category":{"id":0,"name":"string"},"name":"fish","photoUrls":["string"],"tags":[{"id":0,"name":"string"}],"status":"available"},{"id":25555556,"category":{"id":0,"name":"dog"},"name":"kyra","photoUrls":["string"],"tags":[{"id":0,"name":"string"}],"status":"available"},{"id":22386778,"category":{"id":-25647035,"name":"Duis dolor"},"name":"doggie","photoUrls":["proident qui","eiusmod non fugiat qui in"],"tags":[{"id":28440767,"name":"est ad"},{"id":42048646,"name":"non ad"}],"status":"available"},{"id":9223372036854775485,"category":{"id":0,"name":"string"},"name":"fish","photoUrls":["string"],"tags":[{"id":0,"name":"string"}],"status":"available"},{"id":9222968140491042131,"category":{"id":0,"name":"string"},"name":"doggie","photoUrls":["string"],"tags":[{"id":0,"name":"string"}],"status":"available"},{"id":9223372036854775487,"category":{"id":0,"name":"string"},"name":"doggie","photoUrls":["string"],"tags":[{"id":0,"name":"string"}],"status":"available"},{"id":9223372036854775488,"category":{"id":0,"name":"string"},"name":"fish","photoUrls":["string"],"tags":[{"id":0,"name":"string"}],"status":"available"},{"id":1716163661,"category":{"id":0,"name":"pajaro"},"name":"pupo","photoUrls":["string"],"tags":[{"id":0,"name":"sintag"}],"status":"available"},{"id":9223372036854775490,"category":{"id":0,"name":"string"},"name":"doggie","photoUrls":["string"],"tags":[{"id":0,"name":"string"}],"status":"available"},{"id":9223372036854775492,"category":{"id":0,"name":"string"},"name":"doggie","photoUrls":["string"],"tags":[{"id":0,"name":"string"}],"status":"available"},{"id":9223372036854775493,"category":{"id":0,"name":"string"},"name":"Puff","photoUrls":["string"],"tags":[{"id":0,"name":"string"}],"status":"available"},{"id":9223372036854775494,"category":{"id":0,"name":"string"},"name":"doggie","photoUrls":["string"],"tags":[{"id":0,"name":"string"}],"status":"available"},{"id":9223372036854775495,"category":{"id":0,"name":"string"},"name":"doggie","photoUrls":["string"],"tags":[{"id":0,"name":"string"}],"status":"available"},{"id":9223372036854775507,"category":{"id":0,"name":"string"},"name":"doggie","photoUrls":["string"],"tags":[{"id":0,"name":"string"}],"status":"available"},{"id":9223372036854775508,"category":{"id":0,"name":"string"},"name":"doggie","photoUrls":["string"],"tags":[{"id":0,"name":"string"}],"status":"available"},{"id":9223372036854775509,"category":{"id":0,"name":"string"},"name":"fish","photoUrls":["string"],"tags":[{"id":0,"name":"string"}],"status":"available"},{"id":286,"category":{"id":933,"name":"Mariana"},"name":"{{our_pet}}","photoUrls":["{{randomImgUrl}}"],"tags":[{"id":588,"name":"Jaleel"}],"status":"available"},{"id":9223372036854775513,"category":{"id":0,"name":"string"},"name":"fish","photoUrls":["string"],"tags":[{"id":0,"name":"string"}],"status":"available"},{"id":9223372036854775514,"category":{"id":0,"name":"string"},"name":"fish","photoUrls":["string"],"tags":[{"id":0,"name":"string"}],"status":"available"},{"id":9223372036854775516,"category":{"id":0,"name":"Pomeranian"},"name":"Yeontn","photoUrls":["https://www.google.com/url?sa=i&url=https%3A%2F%2Fwikibio.in%2Fyeontan%2F&psig=AOvVaw0UdJeOGlk-jKSOtT-nplW1&ust=1682581409377000&source=images&cd=vfe&ved=0CA4QjRxqFwoTCMCQvJiuyP4CFQAAAAAdAAAAABAI"],"tags":[{"id":0,"name":"Dog"}],"status":"available"},{"id":9223372036854775541,"name":"doggie","photoUrls":["string"],"tags":[],"status":"available"},{"id":9223372036854775568,"category":{"id":0,"name":"string"},"name":"fish","photoUrls":["string"],"tags":[{"id":0,"name":"string"}],"status":"available"},{"id":9223372036854775569,"category":{"id":0,"name":"string"},"name":"doggie","photoUrls":["string"],"tags":[{"id":0,"name":"string"}],"status":"available"},{"id":9223372036854775570,"category":{"id":0,"name":"string"},"name":"doggie","photoUrls":["string"],"tags":[{"id":0,"name":"string"}],"status":"available"},{"id":9223372036854775597,"category":{"id":0,"name":"string"},"name":"Puff","photoUrls":["string"],"tags":[{"id":0,"name":"string"}],"status":"available"},{"id":9223372036854775602,"category":{"id":0,"name":"string"},"name":"fish","photoUrls":["string"],"tags":[{"id":0,"name":"string"}],"status":"available"},{"id":9223372036854775609,"category":{"id":0,"name":"string"},"name":"fish","photoUrls":["string"],"tags":[{"id":0,"name":"string"}],"status":"available"},{"id":9223372036854775610,"category":{"id":0,"name":"string"},"name":"doggie","photoUrls":["string"],"tags":[{"id":0,"name":"string"}],"status":"available"},{"id":9223372036854775611,"category":{"id":0,"name":"string"},"name":"doggie","photoUrls":["string"],"tags":[{"id":0,"name":"string"}],"status":"available"},{"id":9223372036854775618,"category":{"id":0,"name":"string"},"name":"fish","photoUrls":["string"],"tags":[{"id":0,"name":"string"}],"status":"available"},{"id":1245,"category":{"id":1245,"name":"xyz"},"name":"xyz","photoUrls":["test"],"tags":[],"status":"available"},{"id":9222968140497180179,"category":{"id":0,"name":"string"},"name":"test","photoUrls":["string"],"tags":[{"id":0,"name":"string"}],"status":"available"},{"id":9223372036854775634,"category":{"id":0,"name":"string"},"name":"fish","photoUrls":["string"],"tags":[{"id":0,"name":"string"}],"status":"available"},{"id":9223372036854775655,"category":{"id":0,"name":"string"},"name":"fish","photoUrls":["string"],"tags":[{"id":0,"name":"string"}],"status":"available"},{"id":9223372036854775657,"category":{"id":0,"name":"string"},"name":"Puff","photoUrls":["string"],"tags":[{"id":0,"name":"string"}],"status":"available"},{"id":9223372036854775658,"category":{"id":0,"name":"string"},"name":"fish","photoUrls":["string"],"tags":[{"id":0,"name":"string"}],"status":"available"},{"id":7653,"category":{"id":1,"name":"crazycats"},"name":"buka","photoUrls":["string"],"tags":[{"id":0,"name":"string"}],"status":"available"},{"id":9223372036854775663,"category":{"id":0,"name":"string"},"name":"doggie","photoUrls":["string"],"tags":[{"id":0,"name":"string"}],"status":"available"},{"id":9223372036854775664,"category":{"id":0,"name":"string"},"name":"doggie","photoUrls":["string"],"tags":[{"id":0,"name":"string"}],"status":"available"},{"id":9223372036854775665,"category":{"id":0,"name":"string"},"name":"doggie","photoUrls":["string"],"tags":[{"id":0,"name":"string"}],"status":"available"},{"id":9223372036854775667,"category":{"id":0,"name":"string"},"name":"doggie","photoUrls":["string"],"tags":[{"id":0,"name":"string"}],"status":"available"},{"id":9223372036854775669,"category":{"id":0,"name":"string"},"name":"fish","photoUrls":["string"],"tags":[{"id":0,"name":"string"}],"status":"available"},{"id":9223372036854775672,"category":{"id":0,"name":"string"},"name":"fish","photoUrls":["string"],"tags":[{"id":0,"name":"string"}],"status":"available"},{"id":9223372036854775673,"category":{"id":0,"name":"string"},"name":"fish","photoUrls":["string"],"tags":[{"id":0,"name":"string"}],"status":"available"},{"id":9223372036854775674,"category":{"id":0,"name":"string"},"name":"fish","photoUrls":["string"],"tags":[{"id":0,"name":"string"}],"status":"available"},{"id":9223372036854775703,"category":{"id":0,"name":"string"},"name":"doggie","photoUrls":["string"],"tags":[{"id":1993,"name":"string"}],"status":"available"},{"id":9223372036854775704,"category":{"id":0,"name":"string"},"name":"fish","photoUrls":["string"],"tags":[{"id":0,"name":"string"}],"status":"available"},{"id":9223372036854775707,"category":{"id":0,"name":"string"},"name":"doggie","photoUrls":["string"],"tags":[{"id":0,"name":"string"}],"status":"available"},{"id":9223372036854775710,"category":{"id":0,"name":"string"},"name":"doggie","photoUrls":["string"],"tags":[{"id":0,"name":"string"}],"status":"available"},{"id":9223372036854775711,"category":{"id":0,"name":"string"},"name":"doggie","photoUrls":["string"],"tags":[{"id":0,"name":"string"}],"status":"available"},{"id":9223372036854775712,"category":{"id":0,"name":"string"},"name":"fish","photoUrls":["string"],"tags":[{"id":0,"name":"string"}],"status":"available"},{"id":9223372036854775722,"category":{"id":0,"name":"string"},"name":"Puff","photoUrls":["string"],"tags":[{"id":0,"name":"string"}],"status":"available"},{"id":1995,"category":{"id":0,"name":"string"},"name":"Beauty","photoUrls":["string"],"tags":[{"id":1,"name":"string"}],"status":"available"},{"id":9223372036854775729,"category":{"id":0,"name":"string"},"name":"fish","photoUrls":["string"],"tags":[{"id":0,"name":"string"}],"status":"available"},{"id":9223372036854775732,"category":{"id":0,"name":"string"},"name":"doggie","photoUrls":["string"],"tags":[{"id":0,"name":"string"}],"status":"available"},{"id":9223372036854775733,"category":{"id":0,"name":"string"},"name":"doggie","photoUrls":["string"],"tags":[{"id":0,"name":"string"}],"status":"available"},{"id":99996,"name":"doggie_by_ms","photoUrls":["string"],"tags":[{"id":0,"name":"string"}],"status":"available"},{"id":9223372036854775741,"category":{"id":0,"name":"string"},"name":"fish","photoUrls":["string"],"tags":[{"id":0,"name":"string"}],"status":"available"},{"id":9223372036854775755,"category":{"id":0,"name":"string"},"name":"fish","photoUrls":["string"],"tags":[{"id":0,"name":"string"}],"status":"available"},{"id":9223372036854775764,"category":{"id":100,"name":"string"},"name":"doggie","photoUrls":["string"],"tags":[{"id":0,"name":"string"}],"status":"available"},{"id":9223372036854775770,"category":{"id":0,"name":"string"},"name":"fish","photoUrls":["string"],"tags":[{"id":0,"name":"string"}],"status":"available"},{"id":9223372036854775771,"category":{"id":0,"name":"string"},"name":"fish","photoUrls":["string"],"tags":[{"id":0,"name":"string"}],"status":"available"},{"id":9223372036854775772,"category":{"id":0,"name":"string"},"name":"doggie","photoUrls":["string"],"tags":[{"id":0,"name":"string"}],"status":"available"},{"id":9223372036854775773,"category":{"id":0,"name":"string"},"name":"doggie","photoUrls":["string"],"tags":[{"id":0,"name":"string"}],"status":"available"},{"id":9223372036854775778,"category":{"id":0,"name":"string"},"name":"Puff","photoUrls":["string"],"tags":[{"id":0,"name":"string"}],"status":"available"},{"id":9223372036854775784,"category":{"id":0,"name":"string"},"name":"doggie","photoUrls":["string"],"tags":[{"id":0,"name":"string"}],"status":"available"},{"id":9223372036854775785,"category":{"id":0,"name":"string"},"name":"doggie","photoUrls":["string"],"tags":[{"id":0,"name":"string"}],"status":"available"},{"id":9223372036854775788,"category":{"id":0,"name":"string"},"name":"rat4","photoUrls":["string"],"tags":[{"id":0,"name":"string"}],"status":"available"},{"id":9223372036854775789,"category":{"id":0,"name":"string"},"name":"doggie","photoUrls":["string"],"tags":[{"id":0,"name":"string"}],"status":"available"},{"id":9223372036854775799,"category":{"id":2,"name":"dog"},"name":"doger","photoUrls":[],"tags":[],"status":"available"},{"id":9223372036854775800,"category":{"id":0,"name":"string"},"name":"fish","photoUrls":["string"],"tags":[{"id":0,"name":"string"}],"status":"available"},{"id":9223372036854775801,"category":{"id":0,"name":"string"},"name":"fish","photoUrls":["string"],"tags":[{"id":0,"name":"string"}],"status":"available"},{"id":9223372036854775802,"category":{"id":0,"name":"string"},"name":"fish","photoUrls":["string"],"tags":[{"id":0,"name":"string"}],"status":"available"},{"id":9223372036854775803,"category":{"id":0,"name":"string"},"name":"fish","photoUrls":["string"],"tags":[{"id":0,"name":"string"}],"status":"available"},{"id":762,"category":{"id":762,"name":"raza762"},"name":"dinosaur762","photoUrls":["string"],"tags":[{"id":1,"name":"string"}],"status":"available"},{"id":9223372036854775806,"category":{"id":0,"name":"string"},"name":"doggie","photoUrls":["string"],"tags":[{"id":0,"name":"string"}],"status":"available"},{"id":112233,"category":{"id":30,"name":"Eq-dog"},"name":"Postman","photoUrls":["URLLink"],"tags":[{"id":10,"name":"Doberman"}],"status":"available"},{"id":381,"category":{"id":0,"name":"Dog"},"name":"Francesco","photoUrls":["string"],"tags":[{"id":0,"name":"string"}],"status":"available"},{"id":99,"category":{"id":101,"name":"dogz"},"name":"fido","photoUrls":["http://fido.jpg"],"tags":[{"id":102,"name":"friendly"}],"status":"available"},{"id":120,"category":{"id":0,"name":"Dog"},"name":"Brown","photoUrls":["string"],"tags":[{"id":0,"name":"string"}],"status":"available"},{"id":420,"category":{"id":42,"name":"Chihuahua"},"name":"PasBre","photoUrls":["string"],"tags":[{"id":0,"name":"string"}],"status":"available"},{"id":11712002,"category":{"id":0,"name":"scotish"},"name":"uskup","photoUrls":["string"],"tags":[{"id":0,"name":"string"}],"status":"available"},{"id":559,"category":{"id":559,"name":"raza559"},"name":"dinosaur559","photoUrls":["string"],"tags":[{"id":1,"name":"string"}],"status":"available"},{"id":284,"category":{"id":0,"name":"Dog"},"name":"Retha","photoUrls":["string"],"tags":[{"id":0,"name":"string"}],"status":"available"},{"id":294,"category":{"id":13,"name":"small dog"},"name":"Лакки","photoUrls":["string"],"tags":[{"id":55,"name":"Маленькая, красивая собачка"}],"status":"available"},{"id":2768661746,"category":{"id":2231550161,"name":"dog"},"name":"superman 2","photoUrls":["http://foo.bar.com/1","http://foo.bar.com/2"],"tags":[{"id":464213131,"name":"python-pet-tag"}],"status":"available"},{"id":421,"category":{"id":1,"name":"dog"},"name":"snoop2_new_new_new_new_new_1","photoUrls":["string"],"tags":[{"id":0,"name":"string"}],"status":"available"},{"id":200,"category":{"id":0,"name":"Dog"},"name":"Burdette","photoUrls":["string"],"tags":[{"id":0,"name":"string"}],"status":"available"},{"id":912,"category":{"id":13,"name":"small dog"},"name":"Лакки","photoUrls":["string"],"tags":[{"id":55,"name":"Маленькая, красивая собачка"}],"status":"available"},{"id":670,"category":{"id":0,"name":"string"},"name":"namePetTest","photoUrls":["string"],"tags":[{"id":0,"name":"string"}],"status":"available"},{"id":293,"category":{"id":13,"name":"small dog"},"name":"Лакки","photoUrls":["string"],"tags":[{"id":55,"name":"Маленькая, красивая собачка"}],"status":"available"},{"id":609,"category":{"id":13,"name":"small dog"},"name":"Лакки","photoUrls":["string"],"tags":[{"id":55,"name":"Маленькая, красивая собачка"}],"status":"available"},{"id":145,"category":{"id":13,"name":"small dog"},"name":"Лакки","photoUrls":["string"],"tags":[{"id":55,"name":"Маленькая, красивая собачка"}],"status":"available"},{"id":129,"category":{"id":13,"name":"small dog"},"name":"Лакки","photoUrls":["string"],"tags":[{"id":55,"name":"Маленькая, красивая собачка"}],"status":"available"},{"id":1212,"category":{"id":0,"name":"string"},"name":"doggie","photoUrls":["string"],"tags":[{"id":0,"name":"string"}],"status":"available"},{"id":29,"category":{"id":13,"name":"small dog"},"name":"Лакки","photoUrls":["string"],"tags":[{"id":55,"name":"Маленькая, красивая собачка"}],"status":"available"},{"id":149,"name":"doggie149","photoUrls":[],"tags":[],"status":"available"},{"id":69,"category":{"id":69,"name":"string"},"name":"snoopie","photoUrls":["string"],"tags":[{"id":69,"name":"string"}],"status":"available"},{"id":75558,"name":"Volt","photoUrls":[],"tags":[],"status":"available"},{"id":62962,"name":"Varya","photoUrls":[],"tags":[],"status":"available"},{"id":998,"category":{"id":1,"name":"doberman"},"name":"Karl","photoUrls":["string"],"tags":[{"id":1,"name":"dobi"}],"status":"available"},{"id":1111,"category":{"id":121,"name":"animal"},"name":"brown rabbit","photoUrls":["https://www.crushpixel.com/stock-photo/pretty-brown-rabbit-seen-from-1950386.html"],"tags":[{"id":232,"name":"rabbit"}],"status":"available"},{"id":2305,"category":{"id":2305,"name":"dog"},"name":"luke","photoUrls":["string"],"tags":[{"id":2305,"name":"ov"}],"status":"available"},{"id":202,"category":{"id":201,"name":"Pomeranian"},"name":"kurkuri","photoUrls":["string"],"tags":[{"id":123,"name":"string"}],"status":"available"},{"id":510,"category":{"id":2,"name":"dog"},"name":"Karl","photoUrls":["string"],"tags":[{"id":56,"name":"doberman"}],"status":"available"},{"id":7689,"category":{"id":0,"name":"Cotton"},"name":"Cat","photoUrls":["string"],"tags":[{"id":0,"name":"Pretty cat"}],"status":"available"},{"id":103,"category":{"id":103,"name":"string"},"name":"Ratta","photoUrls":["string"],"tags":[{"id":0,"name":"string"}],"status":"available"},{"id":452,"category":{"id":725,"name":"Account"},"name":"rich","photoUrls":["http://placeimg.com/640/480/animals"],"tags":[{"id":646,"name":"up"}],"status":"available"},{"id":222,"name":"tex","photoUrls":[],"tags":[{"id":21,"name":"tex"}],"status":"available"},{"id":922337203685477777,"category":{"id":2,"name":"monkey"},"name":"monkey-king","photoUrls":[],"tags":[],"status":"available"},{"id":13,"category":{"id":0,"name":"string"},"name":"doggie","photoUrls":["string"],"tags":[{"id":0,"name":"string"}],"status":"available"},{"id":374743,"category":{"id":0,"name":"string"},"name":"doggie","photoUrls":["string"],"tags":[{"id":0,"name":"string"}],"status":"available"},{"id":71,"category":{"id":234,"name":"Poppy"},"name":"Popy","photoUrls":["string"],"tags":[{"id":72,"name":"Popy"}],"status":"available"},{"id":8074073682,"category":{"id":0,"name":"nehanshitha"},"name":"jspiders","photoUrls":["string"],"tags":[{"id":0,"name":"string"}],"status":"available"},{"id":2129,"category":{"id":1,"name":"Cat1"},"name":"CatTest","photoUrls":["https://petstore.swagger.io/v2/pet.png"],"tags":[{"id":1,"name":"tag1"}],"status":"available"},{"id":108,"category":{"id":108,"name":"string"},"name":"doggie","photoUrls":["string"],"tags":[{"id":108,"name":"string"}],"status":"available"},{"id":469,"category":{"id":601,"name":"Illinois"},"name":"Barsik","photoUrls":["http://placeimg.com/640/480/animals"],"tags":[{"id":67,"name":"convergence"}],"status":"available"},{"id":15,"category":{"id":0,"name":"string"},"name":"cattie","photoUrls":["string"],"tags":[{"id":0,"name":"string"}],"status":"available"},{"id":513,"category":{"id":5,"name":"dog"},"name":"my_first_pet","photoUrls":["string"],"tags":[{"id":0,"name":"tag_first_Pet"}],"status":"available"},{"id":2952,"category":{"id":0,"name":"Kedi"},"name":"Simarik","photoUrls":["string"],"tags":[{"id":0,"name":"string"}],"status":"available"},{"id":345,"category":{"id":0,"name":"string"},"name":"doggie","photoUrls":["string"],"tags":[{"id":0,"name":"string"}],"status":"available"},{"id":1623,"category":{"id":0,"name":"string"},"name":"doggie","photoUrls":["string"],"tags":[{"id":0,"name":"string"}],"status":"available"},{"id":1234,"category":{"id":1221,"name":"rott"},"name":"doggie","photoUrls":["string"],"tags":[{"id":0,"name":"happy"}],"status":"available"},{"id":45,"category":{"id":0,"name":"Dog"},"name":"Andreanne","photoUrls":["string"],"tags":[{"id":0,"name":"string"}],"status":"available"},{"id":157,"category":{"id":100,"name":"Cats"},"name":"Asya","photoUrls":["string"],"tags":[{"id":8,"name":"kitten"}],"status":"available"},{"id":19,"category":{"id":0,"name":"string"},"name":"doggie","photoUrls":["string"],"tags":[{"id":0,"name":"string"}],"status":"available"},{"id":121,"category":{"id":123,"name":"pajaro"},"name":"pupo","photoUrls":["string"],"tags":[{"id":123,"name":"string"}],"status":"available"},{"id":122,"category":{"id":123,"name":"pajaro"},"name":"pupo","photoUrls":["string"],"tags":[{"id":123,"name":"string"}],"status":"available"},{"id":125,"category":{"id":123,"name":"pajaro"},"name":"pupo","photoUrls":["string"],"tags":[{"id":123,"name":"string"}],"status":"available"},{"id":8429,"category":{"id":0,"name":"cow"},"name":"Hedwig","photoUrls":["string"],"tags":[{"id":0,"name":"string"}],"status":"available"},{"id":2213123,"category":{"id":0,"name":"string"},"name":"doggie","photoUrls":["string"],"tags":[{"id":0,"name":"string"}],"status":"available"},{"id":2222,"category":{"id":212,"name":"animal"},"name":"cute brown rabbit","photoUrls":[],"tags":[{"id":323,"name":"rabbit"}],"status":"available"},{"id":3368546,"category":{"id":-8466310,"name":"qui reprehenderit est occaecat magna"},"name":"doggie","photoUrls":["nulla sunt cupidatat non","cupidatat Duis ad ven"],"tags":[{"id":97143667,"name":"Lorem pariatur anim laborum dolor"},{"id":18225911,"name":"ex et ipsum 
minim"}],"status":"available"},{"id":50800105,"category":{"id":-3382005,"name":"veniam"},"name":"doggie","photoUrls":["eu cillum","culpa adipisicing proident veniam"],"tags":[{"id":-13038983,"name":"aute do in Excepteur Ut"},{"id":86652366,"name":"ad"}],"status":"available"},{"id":12121,"category":{"id":0,"name":"string"},"name":"TestPetName","photoUrls":["string"],"tags":[{"id":0,"name":"string"}],"status":"available"},{"id":4,"category":{"id":1,"name":"Cat"},"name":"Java","photoUrls":[],"tags":[],"status":"available"},{"id":5321,"category":{"id":0,"name":"string"},"name":"Waffles","photoUrls":["string"],"tags":[{"id":0,"name":"string"}],"status":"available"},{"id":387931847913,"category":{"id":0,"name":"string"},"name":"poggie","photoUrls":["string"],"tags":[{"id":0,"name":"string"}],"status":"available"},{"id":403227,"category":{"id":0,"name":"string"},"name":"doggie","photoUrls":["string"],"tags":[{"id":0,"name":"string"}],"status":"available"},{"id":64,"category":{"id":0,"name":"simi"},"name":"Simig","photoUrls":["string"],"tags":[{"id":0,"name":"string"}],"status":"available"},{"id":218,"category":{"id":0,"name":"Dog"},"name":"Concepcion","photoUrls":["string"],"tags":[{"id":0,"name":"string"}],"status":"available"},{"id":667,"category":{"id":0,"name":"Dog"},"name":"Velva","photoUrls":["string"],"tags":[{"id":0,"name":"string"}],"status":"available"},{"id":636,"category":{"id":0,"name":"Dog"},"name":"Ona","photoUrls":["string"],"tags":[{"id":0,"name":"string"}],"status":"available"},{"id":558,"category":{"id":0,"name":"Dog"},"name":"Bernie","photoUrls":["string"],"tags":[{"id":0,"name":"string"}],"status":"available"},{"id":591,"category":{"id":0,"name":"Dog"},"name":"Cristal","photoUrls":["string"],"tags":[{"id":0,"name":"string"}],"status":"available"},{"id":57,"category":{"id":0,"name":"Dog"},"name":"Grover","photoUrls":["string"],"tags":[{"id":0,"name":"string"}],"status":"available"},{"id":110,"category":{"id":0,"name":"Dog"},"name":"Romaine","photoUrls":["string"],"tags":[{"id":0,"name":"string"}],"status":"available"},{"id":932,"category":{"id":0,"name":"Dog"},"name":"Yasmeen","photoUrls":["string"],"tags":[{"id":0,"name":"string"}],"status":"available"},{"id":800,"category":{"id":0,"name":"string"},"name":"myPet","photoUrls":["string"],"tags":[{"id":0,"name":"string"}],"status":"available"},{"id":610,"category":{"id":0,"name":"Dog"},"name":"Jaron","photoUrls":["string"],"tags":[{"id":0,"name":"string"}],"status":"available"},{"id":840,"category":{"id":0,"name":"Dog"},"name":"Connie","photoUrls":["string"],"tags":[{"id":0,"name":"string"}],"status":"available"},{"id":359,"category":{"id":0,"name":"Dog"},"name":"Marianna","photoUrls":["string"],"tags":[{"id":0,"name":"string"}],"status":"available"},{"id":87878,"category":{"id":1,"name":"cats"},"name":"Mckayla","photoUrls":["string"],"tags":[{"id":0,"name":"cats"}],"status":"available"},{"id":306,"category":{"id":0,"name":"Dog"},"name":"Guillermo","photoUrls":["string"],"tags":[{"id":0,"name":"string"}],"status":"available"},{"id":10003,"category":{"id":0,"name":"string"},"name":"doggie","photoUrls":["string"],"tags":[{"id":0,"name":"string"}],"status":"available"},{"id":280,"category":{"id":0,"name":"Dog"},"name":"Jonathan","photoUrls":["string"],"tags":[{"id":0,"name":"string"}],"status":"available"},{"id":744,"category":{"id":0,"name":"Dog"},"name":"Art","photoUrls":["string"],"tags":[{"id":0,"name":"string"}],"status":"available"},{"id":1076,"category":{"id":0,"name":"1"},"name":"7","photoUrls":["string"],"tags":[{"id":0,"name":"string"}],"status":"available"},{"id":151,"category":{"id":0,"name":"string"},"name":"doggie","photoUrls":["string"],"tags":[{"id":0,"name":"string"}],"status":"available"},{"id":9999,"category":{"id":2,"name":"dog"},"name":"doggie-yoggie","photoUrls":[],"tags":[],"status":"available"},{"id":3114,"category":{"id":3114,"name":"string"},"name":"doggie","photoUrls":["abc","def"],"tags":[{"id":0,"name":"test0"},{"id":1,"name":"test1"}],"status":"available"},{"id":555,"name":"Tets","photoUrls":[],"tags":[],"status":"available"},{"id":540,"category":{"id":0,"name":"Dog"},"name":"Alan","photoUrls":["string"],"tags":[{"id":0,"name":"string"}],"status":"available"},{"id":209,"category":{"id":0,"name":"Dog"},"name":"Vanessa","photoUrls":["string"],"tags":[{"id":0,"name":"string"}],"status":"available"},{"id":936,"category":{"id":0,"name":"Dog"},"name":"Ervin","photoUrls":["string"],"tags":[{"id":0,"name":"string"}],"status":"available"},{"id":126,"category":{"id":0,"name":"Dog"},"name":"Marlin","photoUrls":["string"],"tags":[{"id":0,"name":"string"}],"status":"available"},{"id":1525549669,"category":{"id":3949429169,"name":"dog"},"name":"superman 2","photoUrls":["http://foo.bar.com/1","http://foo.bar.com/2"],"tags":[{"id":754455658,"name":"python-pet-tag"}],"status":"available"},{"id":1001,"category":{"id":0,"name":"string"},"name":"vasya11","photoUrls":["string"],"tags":[{"id":0,"name":"string"}],"status":"available"},{"id":2375849,"category":{"id":0,"name":""},"name":"dog","photoUrls":["string"],"tags":[{"id":0,"name":"string"}],"status":"available"},{"id":6739027,"category":{"id":0,"name":"Das"},"name":"doggie","photoUrls":["string"],"tags":[{"id":0,"name":"string"}],"status":"available"},{"id":50003000,"category":{"id":0,"name":"cat"},"name":"LADY","photoUrls":["string"],"tags":[{"id":0,"name":"string"}],"status":"available"},{"id":205,"category":{"id":9,"name":"TASV"},"name":"SuriCATS","photoUrls":["string"],"tags":[{"id":0,"name":"string"}],"status":"available"},{"id":2345678,"category":{"id":0,"name":"Cat"},"name":"Duman","photoUrls":["string"],"tags":[{"id":0,"name":"My lovely cat"}],"status":"available"},{"id":20,"category":{"id":17,"name":"cats"},"name":"Citrus","photoUrls":["default_url"],"tags":[{"id":2,"name":"cute_cats"}],"status":"available"},{"id":191,"name":"Cutie","photoUrls":[],"tags":[],"status":"available"},{"id":3232,"category":{"id":0,"name":"string"},"name":"doggie","photoUrls":["string"],"tags":[{"id":0,"name":"string"}],"status":"available"},{"id":234,"category":{"id":0,"name":"string"},"name":"Hanuman","photoUrls":["string"],"tags":[{"id":0,"name":"string"}],"status":"available"},{"id":696969,"category":{"id":696969,"name":"dog"},"name":"hotdog","photoUrls":["string"],"tags":[{"id":696969,"name":"best"}],"status":"available"},{"id":7,"category":{"id":8,"name":"OPTICA"},"name":"OPTICA","photoUrls":["OPTICA"],"tags":[{"id":5,"name":"OPTICA"}],"status":"available"},{"id":100,"category":{"id":1,"name":"Gray"},"name":" Gray Doggie 1","photoUrls":["C:\\post dog\\Gray doggie.jpg"],"tags":[{"id":10,"name":"Tall doggie 1"}],"status":"available"},{"id":55,"category":{"id":5,"name":"dogs"},"name":"Keks55","photoUrls":["default_url"],"tags":[{"id":4,"name":"good_dog"}],"status":"available"},{"id":4733531326513152,"category":{"id":-4521708300009472,"name":"ggOtyXaoyTW"},"name":"doggie","photoUrls":["GFrQmG"],"tags":[{"id":-3874303086952448,"name":"xxXtcCLFrY"}],"status":"available"},{"id":201,"category":{"id":201,"name":"Pomeranian"},"name":"kurkuri","photoUrls":["string"],"tags":[{"id":123,"name":"string"}],"status":"available"},{"id":203,"category":{"id":201,"name":"Pomeranian"},"name":"kurkuri","photoUrls":["string"],"tags":[{"id":123,"name":"string"}],"status":"available"},{"id":10,"category":{"id":10,"name":"sample string"},"name":"doggie","photoUrls":["sample 
1","sample 2","sample 3"],"tags":[{"id":10,"name":"sample string"},{"id":10,"name":"sample string"}],"status":"available"},{"id":128,"category":{"id":0,"name":"Horse"},"name":"Ahal-Teke","photoUrls":["string"],"tags":[{"id":0,"name":"string"}],"status":"available"},{"id":31,"category":{"id":7,"name":"dogs"},"name":"love07","photoUrls":["default_url"],"tags":[{"id":9,"name":"good_dog"}],"status":"available"},{"id":240,"category":{"id":0,"name":"marley"},"name":"rex","photoUrls":["string"],"tags":[{"id":212121,"name":"boby"}],"status":"available"},{"id":2611,"name":"XML Mogs","photoUrls":["http://xmlcats.com/1.jpg","http://xmlcats.com/2.jpg"],"tags":[],"status":"available"},{"id":2,"category":{"id":2,"name":"cat"},"name":"purplefieldstester1","photoUrls":["http://purplefieldstestimage1","http://purplefieldstestimage2"],"tags":[{"id":1,"name":"naughty"},{"id":2,"name":"nice"}],"status":"available"},{"id":9223372036854775807,"category":{"id":0,"name":"string"},"name":"doggie","photoUrls":["string"],"tags":[{"id":0,"name":"string"}],"status":"available"},{"id":34,"category":{"id":35,"name":"tester"},"name":"QA","photoUrls":["data:image/jpeg;base64,/9j/4AAQSkZJRgABAQAAAQABAAD/2wCEAAoHCBYSEhISFRIVGBUSFRISEhIREhgRERISGBQZGRgYGBgcIS4lHB4rHxgYJjgmKy8xNTU2GiQ7QDs0Py40NTEBDAwMEA8QHhISHDQhISExPzQ0MTQ2NDQxNDQxND00NDQ0NDQ0NDQ0ND80NDQ0NDQ0ND8xNDE0ND80MTQ0MTQ0Mf/AABEIANIA8AMBIgACEQEDEQH/xAAcAAABBQEBAQAAAAAAAAAAAAAAAgMEBgcFAQj/xABJEAACAQIDAwMQCAUDAwUAAAABAgADEQQSIQUxQQYiURMUNFJTYXFyc4GRkpOxs9EjMkJUobLh4gdDYnTBFYLwM0TCFySi0vH/xAAYAQEBAQEBAAAAAAAAAAAAAAAAAQIDBP/EACQRAQEAAgEDBAMBAQAAAAAAAAABAhFBAxMhBBIUMSJRYTJC/9oADAMBAAIRAxEAPwDGZ7Jux6SvicOrC6tWpKwO4qXAI9BmhNh6OZh1phbBmA+h4A+NM5ZTH7bxwuX0zCE0/ralp/7TC+w/dHhgaP3TDex/dMd7Fvs5MqhNepbLw534TD+yt/5R3/ScN90w/sv1jvYnZyY5CbM+x8MB2Hh/ZfuiU2XheODw3sz85O/gdnJjcJtg2PhPuWH9n+s9Ow8J9zw/s/1jv4HZyYlCbcuwsJ9zw/sz844OT+E+54f2f6x38Ds5MMns3E8n8L9zw/s/1h/oOE+54f2f6yfIwXsZMOhNwOwcJ9zw/s/1nn+hYT7nh/Zn5x8nA7GTD4TbzsLC/c8P7P8AWJOxML9zw/s/1k+TgfHyYnCbSNjYXjg8P7M/OLGxcJ9zw/sz84+TgfHyYnJOz8nVafVLZM6Z73tkzDNu715r1TYuGG7CYf2X6xr/AEnDfdMN7L90fJw/p8fJnqYfB3S9RiuYdVu7BhTamlgtqepV89z0Lu1ihgcKq0y9UhnDMQHzKQHqKLt1Lm6KpvqTm3DSX87Jw33TD+y/dEHZmG+6Yf2X7o+Tj/T4+SgNhsIF0rMWamxAYsqpUDIRcimbjKXFraleFxGMZhcOGXqeIJXKhfMrMxYsAwWygCynNY9Ft+k0Ftn0PumG9j+6NtgKP3TDex/dL8jH+p2MlMXCYK5zV2sDrlbNfQEWPUtb865+zYDW94lUwiVFC1Fem1UktVV2y0lp7iFCm7MTwH1VvpeXBsLRH/aYb2P7o09CkP8AtML7D90vfwXsZK2nWVkvlGj5wTUYAZkvcgatlz5SNN1xKy+/Tdw8E0dEpF0XrTC2LKD9BwJH9Uou2aQTE4hFFlStVVQNyqHYAegTpjnMvpzywuP292B2XhfL0PiLNIenz38dvzGZvsDsvC/3FD4izTa2tR/Gb3mcevw69DkUk4x9E4xtDwktF0nmr0lIseQRqmt5MRQJNjxhpIWNrLTGYmdPfwlI5aYshSnTNY47qW6juYbay1NEN50KdU8ZRuRT3qETRGpabpOpNXS43c2TTe8lIJFSnaSabTntbC2SN5ZIBjbtJSEMkY4yRmEZbfJWoQYCesYjPC6DrPEE9vPM0ivXW8YKR/PG2MqG3SR3WSmMYcwI7LG2EfMQyzWyxCqCRXEnVVkZxNSs6RaSfSU/HT8wlE5Qdl4vy9f4jTQaLfSU/HT8wmfbf7LxXl6/xGnr9P8AVeX1HA2D2XhfL0PiLNVq4fnv4ze8zKdg9l4Xy9H4izX6ws7+M3vMvX4Tocoy0SI+h4R2iwJklUE8tenZqiQJKRliUpqYNhegwJiAWmZ8vtKgl8ek41BlD5aIw+sPPN4X8mcp+NM8iXtUmnoRaZPyNqWrAdM1dNVEnV/0Yf5huq/eiEJMlJQvvkinQA4TjrbfukRQDEsl50XpC0ZtFhMkRaRnpoyYFgJNG0PraJOFnVVRG3US3GJ7q5bUYnqUm1Y0JnTcqKaUSaUnERDCDaC9CRXpETr6Rp0EG3MFOJZZNcCRnMLtCqCRaqye0i1RNRlCpKeqU/HX8wlA5Qdl4vy9f4jTRqY+kTx1/MJnO3+y8V5ev8Rp7PT8vL6jh5sHsvC+Xo/EWbDWF2fvO3vMx7YPZeF8vR+Is2Rv+o/jN7zL1+E6HKOu+T6XT0yAEJa06mGpDLbonmei0MOIj9J7zwJwEOpka8Y+g+olV5cYEPSZgNbSz0nvvkXbmFz0WHePulx+2WR8m62Sst/BNlwDBkExIL1PEEdDTXeT1bPTXwTfWnmVMPrTvBILFDdPAZyUonSR3GsfvGnElWPVhaNK1o8pmVAM8M9ZZ5aA06xgLaSWjdSStQyTEOYpjGnkUktEuYhmnhaF0Zcxp4upGiYWGHkd9ZJqSMyzRTVNPpE8dfeJm+3+y8V5ev8AEaaVSbnp4y/mEzXb3ZeK8vX+I09fpuXj9Rw82D2XhfL0PiLNkc88+M3vmObA7Lwvl6HxFmxrvfvO3vM16jhOhyXTTW4kygQDbpkXCG5MklOcDPO71D5T4t6GEr1aZswChW05pZwtxfovKVsnlnXw7Dq5NakfrXC9UXvq2l/AZe+UWHNTB4lBqxpOyjpZRmHumbUsPRalcuNd1zmbX+lQbeedsJLGL9tRo1lqIlWmwZGGZWXcRJn1qZU9EyTktt9sJWaiDmo1GvlfQK/SOi+4+aaThtqCpwsdxF+PH3GZvTsvhfdLPLL+VuENPEseDG8uXIfFZkAvu+Uk7b2JQxJD1HYEHcpA/wATmVsXRwFB2oJcAleqVGzOzncF3Af4AM1ljcsZOUxyktvCz8ouUdPBooPPquPo6SmxtuzMfsr7+E4Ww+UeIq4ylTqOmSrnU00QKEIQstjv+zKjsgDEVHq1nOdjmLsMw8FugdEtXJTCq+NuuUpQps4ZbgZzZF0I6GYzNwmMXG7XqBE8ZYsCcGkZhrHqQjdXfHKTRIpwxM9YxIMIS4kWqZLcyJWExW8TN4hzEsdZ5I2baNPJDrG3XSCo8YZrR8CMYgTQbbWNO0cVo1WWBHU/SU/HX8wmcbf7LxXl6/xGmiU1+kTx0/MJne3+y8V5ev8AEaev03Lyep+4Ng9l4Xy9H4izZEFnqD+pveZjWwey8L5ej8RZs1TSqe+W9811+GejyMLzWN5Pq7riRHS5vHlY2sZ53dIIzKAdx0PfBmHsGSpUUXARmSwNrANbf5pt2bmTJtrbKPVXbnEu7MQO+Z16XLGbkKmoYakam418PfEsmy8a6qCWJ55ub9IW3+ZBobNC2YkqQbjXNrw4aD/lpJSgFzKCLHnAA3y6G474uZ2rlNunisQyqCXN2114HdK1jqjG6k3F75WIsCegcJ29pUmTqQa/PRKnQbMD+k5yUFzNn3j0AXPD0SNVyKTZTmVinSBu8E0j+Fd3XE1Ha7E00Gb62Vbm9+jX8JWV2YhsptzraWGvgl95GUVpuKdgudct91yNx8MmU3NGPhaGURtmA4yDtxKlG5uMg43uxPgldq4qo5tmsZwuFdJZVmqV16Z5TqDgZUyj9sYpK7rxk7dX3RcbzwtONgdomwDTqrzhpM3HKcLuPHeNOYvqTcQYmqLTnqtSxCc6zwT1t8TMuhRiWiXaIzSxDajWM4gR28brayiC5tDNeLZLyKxIiLTiL9Injr7xMz2/2Xiv7iv8RpptDV08ZfeJmW3+y8V5ev8AEaev03Lx+o4ebB7Lwvl6PxFmy4k88noc++Y1sHsvC+Xo/EWbLiNS/eY++b9RwnQ5STFkXF41Ra4HfEcVtLTyu5BfQ+Ayj42sT1QC2a5N+IF9JdqiaSj7Ww7U6lQ8CQQDvtOnTuqmU3ENaTslRVLO2VTTVDbOcx6oR0sBY+eLXAPTahnJz1Bmam1s4p5uaGItqQT6DDBkk3H2jcc2/O74tLVyc5KvWrpXZFHU3DsxSzOAbHMT7jO2tuN8eUblphwKlKwAz0qRVT9myWlXp7Naqjim6tUpvlqKXVCm7n2JGZdLdE0nljssNiM+osidTAGllUDTolOr4M0xmVVs3PLZQSCTe4J3S2H3EJ8MquLMbDKBb6rWUZ2XTcWB9/GWDZ2MKVFGbcVKNx0Ot5XWdVJYsb8LnwXNzu/zO9yZwr16iBE5ikF3IzAjoF90xbw3J4aBt4syKQAQbG9wLHp1lZq4ZVJ3Zzra9/x6Zc9p7MNRFsfq25u6/olD2uz06hATTXpXXvsd/wDzSarEqVSpi/m4xWIwPNFh3yZwztgrow046/OdLA7UJFxZgfrDte9DWkCrWam1t0tnJHaC1DlO8TkYukla53NawEibEVsPiFB0B6ZN6LNxra4ZTwkfEbKRxunuGxF1GsfFcTprGuHmXwr2K5O7ypM4mK2Y9PgZfOqiM1FVt4E55dHGuuPVyjOKoK7xGGeXDbezVdSV4dE4OA5Ou9y5sOE45dGz6dsetP8Apys0C0Ns7Kq4YkjnJ08ROR143ETj7bPFdpZlNx1WkKusZ67PRGnxfel1UTMK3PTxl94mZbf7LxXl6/xGl9oYv6Sn46fmEoW3+y8V5ev8Rp6/Tyzbyeo4ebB7Lwvl6PxFmy1Dzn8Le8zG9g9l4Xy9D4izXqz89vGb3y9fg6HJ7Dtu9EUjHOYwr2/Ge3uL33zyV6U+o/NnNxmzUrrlY2YfVbj6L3nmMxQUfWnPTHsTzUa3SAY92qsxdbZOwFQ5XBIP27nSXzDVUpoKa6KFt+EzjDbfemVzLlQm3OGvhvwHeliwWNFZAyNcHoOs7Y56jjlhtx+WlfHVKtKjQK5DnZqmUMVVbbyRpcG1uM45q9UdaarnCgArrvtqTa34GXYoL3IJO7fwhhsGikstNFJ3kKATL76morGz+R7VKheoiKlyQM7uxF9Lqx0l92Vs5KSBUQKo6NLwoU93GdSiotNzyxlSS5AMouOwVTE1XyIVAPPzXGvgO7wiaBlBjGIZUBN9wJJ6AN81pmVkfKPZgw4UEW3s5scxA4A982nC2VjivEd/XfJnLDbxxtVkTSlTY2PFiPtE9HenKwODu2hOmuvGTTctWini7ZW/zOljaBcU62bU20G+crZezmq1FQAi2pPCXPFYTKlNBqwtoBc+gTLVroYLFWpjwRp9sZTa8VR2bXKWNMgdBIv6LyHX5PV7Fsl95sGF4/L9M/j+0ttuqOM8O2Cy6A+iVPZ1N2xnUnpsoXWzqRc97pmkJg0y2yiWTKpbjHFp7RNhmnYwuKUgTibSpKrlVkelXKcZznUuN1WrhLPCyYzDLUUqwuDKTtXk9kJZRzfdLRh8ZcRraRVkPOtpN5yZTaYW41Rzs4dEZfZo6J2GHfjLzzR3246bNtUTT7a/mEzTb/ZeK8vX+I011G56eMvvEyLb/ZeK8vX+I09Xp+Xn63A2D2XhfL0PiLNTd2Z3sp0dh0cZlmwOy8L/AHFD4izWqjnO+p+s3vl6/B0L9lUMOzEFtBbdJwwSEAayAjN2xjyvU7YeieZ33Uhdjpe5ue8dZPp4ZFFgo9E5Qr1RxH/PNPGxdUfZue8JNQ3f285U7PFSjZBqDcW0sOP4TjcntqrhlKE3JsLX3b+HgnTrbRexvTLaa6WlK20jK7OtN1BuSAD+HoE3jd+EsumoYXaqOufMLXtqeMkja9JSytUW6kAjMLgnvTFqe1Wy85jZQNAba31t066eYmef6ozXbcz5j0kX0Gu87iZ19tY3K17H8tMPQNRM13TQgC5BIuLbr75zcH/EQNYMljexJ3WPHS+kzCpXDXNt9jc6tcW99vxic+t7WIIIHetfUfj6ZZGdR9F7J2ulemHVhroe8Z7j9nddU3p9UZFcZWZLZrHeB0TNP4a1aleo1MuFSmuaoRvbgB3j35sFJVQBRoBpNz+ueXi+GX7U/hk1Ln0Gz24NctYcbX1M5WE2YystPqZV2OWxB0N9d/CbQXlO5U1rVKZp0y7llz5LkqoN7xlqLja7mxtiUqCCwuxAzMddbTpqFXcoB6QBecRNotb6p8Gmk9GNY7xbwkTPvxh7bXcasI31yJxnxLXFredrRtnq2Nkv4GX5ydwmDpYxkYXYC41B0v6ZFq1ntZbTiZsU760wqg6MaisT5gZJbqw+0POFnPLqX9NzCQitgndizNr3o02zm7aPMKx/mAeGnf3GIbqvF19npOd1eG914tFlWwM5WJwVR3uanM3kdM6RNQ/aQ+YiRnV76hD4GPymrSeDD4Y9Mh4iiRxkqqHG5R60i1iw1Knd4ZlUJUOdL9svvEyjb3ZeK8vW+I01mm13Txl94mTbf7LxX9xX+I09HQ5cetwNgdl4Xy9D4izVKqHO+p+s27wmZXsHsvC+Xo/EWaqcFXFR7U6pBZv5T23n+ma603o6N1s7RNjv9Ik6k4O4C/nnlDCPxpVPPSf5SWmFbub+zf5Th7HW5R6jdAEeVxxAgmFbub+zb5RZwjH7D+o3ykuNPdClVG4b/BPXwFM719AiVwrD+W/hyN8o+ucfy39RvlJo3+q4uN5N4eqOdTVvML/OVjaH8P0NzRdlPBW56fP8ZpCVWH8t/Zt8o6tVu5uP9jD/ABNTc+qlu/tjicgseWK9SUjg7VFRbeA6/hOxgP4a1mAFbEU0A+zTBdx/uNhNHcOfsN6h+UFVrf8ATb1T8pq55fpnUcrkxyXXZ5dkqszOoUl8tgAb6BQOJ4zvGndXV2YioSWs5G8WIU3uvmkdKRJ1RvVMW2G/pb1TM7yq+Elq40BDGxFt53buM9FRRc5LX1PMFyZD6jbcr+ZW+U8yN0P51aTeR4SnfoA84jbE2+WkbGfof1TPCX6H9QwPTVHRFLiLf/gEaYv2reoflGnRz9hvUb5SeV8JBxTdMQcUem8imm/aP6jfKIKP3N/Zt8o8/o1ErrsdHonnV7/rrIbI/c39m3yjYpvf6lT2bfKWbPCVVrW3+6Rnqr/zWesHt/039m/ykOtTca9Sqf7aT39AEukKqOD0SHWddbxLirwo1j0E0XBH/wAdZzq3VSbnD4kjvYaqP/CGi2dRUTX7a2174mV7e7LxX9xX+I0v9NMQaiDrXE2zrzjhawAGYb+Z+MoG3uy8V/cV/iNO/Sxs249XhAU2j3XlTujesYxCdnE/15U7o3rGHXlTujesYxCA/wBeVO6N6xh12/bt6xjEID/XlTujesYdeVO6N6xjEID/AF5U7o3rGHXb9u3rGMQgP9dv27esYddv27esYxCA/wBdv27esYrripbNne17XzG17br9MXskIa9EVTamalMVCb2FPOuY6f03n0lsPbVHGVnw+F6jUwVPDhagWkwUVWchafOABGRWuLdHTA+alxNQmwdyTuAYkmeHFv27+sZv/J7B0cBgNqYvC00zpUx7U3dc3NollRL6HICp0BknlfsChisTsmrUpKWfEZKhAt1RBh6lUK/SM1Nd/AmB88GvUsDnexvY5jrbfY8d8T12/bt6xn1Lda+IxeAqU6bUKeHwrCmU0PVWrqwPCwFNbWGk+YNsYcUsTXpLe1OrVpi+psrso/AQGeu37dvWMOu37dvWMYhAf67ft29Yw68qd0b1jGIQH+vKndG9Yw68qd0b1jGIQH+vKndG9Yw68qd0b1jGIQH+vKndG9Yz3r2p3RvWMjwgSOvandH9Yxgm88hAIQhAIQhAIQhAIQhAIQhAIQhAfwuHao6U1F2dlpqvbOzBQPSRPoJtkVtk7HGGwVB6uKqKQ70lHNqstnqEntRovgE+fcLiGpulRDZqbK6MLEqykFTr0ECWj/1J2n99f2dL/wCkDTOSVBzydxlDI5rIu0aT0wC9QVbtzLC5LajTjeWbb9VUrbGDMFPXRFibG/WdZfeyjzifPuzeV+Nw1SrUo4lkau7VKvNR1d2NyxRlK3vxAjG1+UmKxdRKtfEM707dTbRBTsb3VUACm9jcDgIH0rgaRG0sZUKsFbDYFVcqQrFXxRYBtxIzC44XE+ZOUDhsZimBBVq9dlI3EGo1iJ2cR/ELaVSm1JsY5R1KtZKauQRY89VDbu/KqTeB5CEIBCEIBCEIBCEIBCEIBCEIBCEIBCEIBCEIBCEIBCEIBCEIBAQhAs+zNl0nTDq1Ni2J6tmrByow+QsBoOabBczZuDC1ovbWAoU8MHp0uey4YvlepbD56IfnBvrFyWAI0GW2+8rtLGVFVkWo6o/10V2Cv4wBsfPFVsdUe+aq7XVVbM7NdFN1U3OoB3DhAimEIQCEIQCEIQCEIQCEIQCEIQCEIQCEIQCEIQCEIQCEIQCEIQCEIQCEIQCEIQCEIQCEIQCEIQCEIQCEIQCEIQCEIQP/2Q=="],"tags":[{"id":36,"name":"cats"}],"status":"available"},{"id":9223372036854755843,"category":{"id":0,"name":"string"},"name":"dog","photoUrls":["string"],"tags":[{"id":0,"name":"string"}],"status":"available"},{"id":1,"category":{"id":1,"name":"string"},"name":"doggie","photoUrls":["string"],"tags":[{"id":1,"name":"string"}],"status":"available"},{"id":12,"category":{"id":0,"name":"string"},"name":"timosha","photoUrls":["default_url"],"tags":[{"id":5,"name":"pretty"}],"status":"available"},{"id":123,"category":{"id":0,"name":"string"},"name":"doggie","photoUrls":["string"],"tags":[{"id":0,"name":"string"}],"status":"available"}]
start@DESKTOP-6P55DKL MINGW64 /d/bash/test_gitbash (main)

start@DESKTOP-6P55DKL MINGW64 /d/bash/test_gitbash (main)
$ curl -X POST https://petstore.swagger.io/v2/user --data "email=string" --data "password=string"
{"code":415,"type":"unknown","message":"com.sun.jersey.api.MessageException: A message body reader for Java class io.swagger.sample.model.User, and 
Java type class io.swagger.sample.model.User, and MIME media type application/x-www-form-urlencoded was not found.\nThe registered message body readers compatible with the MIME media type are:\n*/* ->\n  com.sun.jersey.core.impl.provider.entity.FormProvider\n  com.sun.jersey.core.impl.provider.entity.StringProvider\n  com.sun.jersey.core.impl.provider.entity.ByteArrayProvider\n  com.sun.jersey.core.impl.provider.entity.FileProvider\n  com.sun.jersey.core.impl.provider.entity.InputStreamProvider\n  com.sun.jersey.core.impl.provider.entity.DataSourceProvider\n  com.sun.jersey.core.impl.provider.entity.XMLJAXBElementProvider$General\n  com.sun.jersey.core.impl.provider.entity.ReaderProvider\n  com.sun.jersey.core.impl.provider.entity.DocumentProvider\n  com.sun.jersey.core.impl.provider.entity.SourceProvider$StreamSourceReader\n  com.sun.jersey.core.impl.provider.entity.SourceProvider$SAXSourceReader\n  com.sun.jersey.core.impl.provider.entity.SourceProvider$DOMSourceReader\n  com.sun.jersey.json.impl.provider.entity.JSONJAXBElementProvider$General\n  com.sun.jersey.json.impl.provider.entity.JSONArrayProvider$General\n  com.sun.jersey.json.impl.provider.entity.JSONObjectProvider$General\n  com.fasterxml.jackson.jaxrs.json.JacksonJsonProvider\n  com.sun.jersey.core.impl.provider.entity.XMLRootElementProvider$General\n  com.sun.jersey.core.impl.provider.entity.XMLListElementProvider$General\n  com.sun.jersey.core.impl.provider.entity.XMLRootObjectProvider$General\n  com.sun.jersey.core.impl.provider.entity.EntityHolderReader\n  com.sun.jersey.json.impl.provider.entity.JSONRootElementProvider$General\n  com.sun.jersey.json.impl.provider.entity.JSONListElementProvider$General\n  com.sun.jersey.json.impl.provider.entity.JacksonProviderProxy\napplication/x-www-form-urlencoded ->\n  com.sun.jersey.core.impl.provider.entity.FormProvider\n  com.sun.jersey.core.impl.provider.entity.FormMultivaluedMapProvider\n"}